Archive member included to satisfy reference by file (symbol)

c:/intelfpga/17.1/nios2eds/bin/gnu/h-x86_64-mingw32/bin/../lib/gcc/nios2-elf/5.3.0/../../../../../H-x86_64-mingw32/nios2-elf/lib\libc.a(lib_a-exit.o)
                              obj/default/BaseSw/src/alt_ucosii_simple_error_check.o (exit)
c:/intelfpga/17.1/nios2eds/bin/gnu/h-x86_64-mingw32/bin/../lib/gcc/nios2-elf/5.3.0/../../../../../H-x86_64-mingw32/nios2-elf/lib\libc.a(lib_a-fclose.o)
                              obj/default/BaseSw/src/functions.o (fclose)
c:/intelfpga/17.1/nios2eds/bin/gnu/h-x86_64-mingw32/bin/../lib/gcc/nios2-elf/5.3.0/../../../../../H-x86_64-mingw32/nios2-elf/lib\libc.a(lib_a-fflush.o)
                              c:/intelfpga/17.1/nios2eds/bin/gnu/h-x86_64-mingw32/bin/../lib/gcc/nios2-elf/5.3.0/../../../../../H-x86_64-mingw32/nios2-elf/lib\libc.a(lib_a-fclose.o) (__sflush_r)
c:/intelfpga/17.1/nios2eds/bin/gnu/h-x86_64-mingw32/bin/../lib/gcc/nios2-elf/5.3.0/../../../../../H-x86_64-mingw32/nios2-elf/lib\libc.a(lib_a-findfp.o)
                              c:/intelfpga/17.1/nios2eds/bin/gnu/h-x86_64-mingw32/bin/../lib/gcc/nios2-elf/5.3.0/../../../../../H-x86_64-mingw32/nios2-elf/lib\libc.a(lib_a-fclose.o) (__sinit)
c:/intelfpga/17.1/nios2eds/bin/gnu/h-x86_64-mingw32/bin/../lib/gcc/nios2-elf/5.3.0/../../../../../H-x86_64-mingw32/nios2-elf/lib\libc.a(lib_a-fopen.o)
                              obj/default/BaseSw/src/functions.o (fopen)
c:/intelfpga/17.1/nios2eds/bin/gnu/h-x86_64-mingw32/bin/../lib/gcc/nios2-elf/5.3.0/../../../../../H-x86_64-mingw32/nios2-elf/lib\libc.a(lib_a-fprintf.o)
                              obj/default/BaseSw/src/alt_ucosii_simple_error_check.o (fprintf)
c:/intelfpga/17.1/nios2eds/bin/gnu/h-x86_64-mingw32/bin/../lib/gcc/nios2-elf/5.3.0/../../../../../H-x86_64-mingw32/nios2-elf/lib\libc.a(lib_a-freer.o)
                              c:/intelfpga/17.1/nios2eds/bin/gnu/h-x86_64-mingw32/bin/../lib/gcc/nios2-elf/5.3.0/../../../../../H-x86_64-mingw32/nios2-elf/lib\libc.a(lib_a-fclose.o) (_free_r)
c:/intelfpga/17.1/nios2eds/bin/gnu/h-x86_64-mingw32/bin/../lib/gcc/nios2-elf/5.3.0/../../../../../H-x86_64-mingw32/nios2-elf/lib\libc.a(lib_a-fseek.o)
                              c:/intelfpga/17.1/nios2eds/bin/gnu/h-x86_64-mingw32/bin/../lib/gcc/nios2-elf/5.3.0/../../../../../H-x86_64-mingw32/nios2-elf/lib\libc.a(lib_a-fopen.o) (_fseek_r)
c:/intelfpga/17.1/nios2eds/bin/gnu/h-x86_64-mingw32/bin/../lib/gcc/nios2-elf/5.3.0/../../../../../H-x86_64-mingw32/nios2-elf/lib\libc.a(lib_a-fseeko.o)
                              c:/intelfpga/17.1/nios2eds/bin/gnu/h-x86_64-mingw32/bin/../lib/gcc/nios2-elf/5.3.0/../../../../../H-x86_64-mingw32/nios2-elf/lib\libc.a(lib_a-fseek.o) (_fseeko_r)
c:/intelfpga/17.1/nios2eds/bin/gnu/h-x86_64-mingw32/bin/../lib/gcc/nios2-elf/5.3.0/../../../../../H-x86_64-mingw32/nios2-elf/lib\libc.a(lib_a-fstatr.o)
                              c:/intelfpga/17.1/nios2eds/bin/gnu/h-x86_64-mingw32/bin/../lib/gcc/nios2-elf/5.3.0/../../../../../H-x86_64-mingw32/nios2-elf/lib\libc.a(lib_a-fseeko.o) (_fstat_r)
c:/intelfpga/17.1/nios2eds/bin/gnu/h-x86_64-mingw32/bin/../lib/gcc/nios2-elf/5.3.0/../../../../../H-x86_64-mingw32/nios2-elf/lib\libc.a(lib_a-fwalk.o)
                              c:/intelfpga/17.1/nios2eds/bin/gnu/h-x86_64-mingw32/bin/../lib/gcc/nios2-elf/5.3.0/../../../../../H-x86_64-mingw32/nios2-elf/lib\libc.a(lib_a-findfp.o) (_fwalk)
c:/intelfpga/17.1/nios2eds/bin/gnu/h-x86_64-mingw32/bin/../lib/gcc/nios2-elf/5.3.0/../../../../../H-x86_64-mingw32/nios2-elf/lib\libc.a(lib_a-fwrite.o)
                              obj/default/BaseSw/src/alt_ucosii_simple_error_check.o (fwrite)
c:/intelfpga/17.1/nios2eds/bin/gnu/h-x86_64-mingw32/bin/../lib/gcc/nios2-elf/5.3.0/../../../../../H-x86_64-mingw32/nios2-elf/lib\libc.a(lib_a-getc.o)
                              obj/default/BaseSw/src/functions.o (getc)
c:/intelfpga/17.1/nios2eds/bin/gnu/h-x86_64-mingw32/bin/../lib/gcc/nios2-elf/5.3.0/../../../../../H-x86_64-mingw32/nios2-elf/lib\libc.a(lib_a-impure.o)
                              c:/intelfpga/17.1/nios2eds/bin/gnu/h-x86_64-mingw32/bin/../lib/gcc/nios2-elf/5.3.0/../../../../../H-x86_64-mingw32/nios2-elf/lib\libc.a(lib_a-exit.o) (_global_impure_ptr)
c:/intelfpga/17.1/nios2eds/bin/gnu/h-x86_64-mingw32/bin/../lib/gcc/nios2-elf/5.3.0/../../../../../H-x86_64-mingw32/nios2-elf/lib\libc.a(lib_a-int_errno.o)
                              c:/intelfpga/17.1/nios2eds/bin/gnu/h-x86_64-mingw32/bin/../lib/gcc/nios2-elf/5.3.0/../../../../../H-x86_64-mingw32/nios2-elf/lib\libc.a(lib_a-fstatr.o) (errno)
c:/intelfpga/17.1/nios2eds/bin/gnu/h-x86_64-mingw32/bin/../lib/gcc/nios2-elf/5.3.0/../../../../../H-x86_64-mingw32/nios2-elf/lib\libc.a(lib_a-makebuf.o)
                              c:/intelfpga/17.1/nios2eds/bin/gnu/h-x86_64-mingw32/bin/../lib/gcc/nios2-elf/5.3.0/../../../../../H-x86_64-mingw32/nios2-elf/lib\libc.a(lib_a-fseeko.o) (__smakebuf_r)
[...]
Memory Configuration

Name             Origin             Length             Attributes
reset            0x0000000000000000 0x0000000000000020
sdram            0x0000000000000020 0x0000000007ffffe0
flash_controller 0x0000000008000000 0x0000000000800000
onchip_memory    0x0000000008800000 0x0000000000008000
*default*        0x0000000000000000 0xffffffffffffffff

Linker script and memory map

LOAD ../chromaKeyRTOS_bsp//obj/HAL/src/crt0.o
LOAD obj/default/AppSw/Chs_Comm.o
LOAD obj/default/BaseSw/src/MTL.o
LOAD obj/default/BaseSw/src/alt_ucosii_simple_error_check.o
LOAD obj/default/BaseSw/src/app_config.o
LOAD obj/default/BaseSw/src/functions.o
LOAD obj/default/BaseSw/src/isr.o
LOAD obj/default/BaseSw/src/lcd.o
LOAD obj/default/BaseSw/src/ledg.o
LOAD obj/default/BaseSw/src/task_config.o
LOAD c:/intelfpga/17.1/nios2eds/bin/gnu/h-x86_64-mingw32/bin/../lib/gcc/nios2-elf/5.3.0/../../../../../H-x86_64-mingw32/nios2-elf/lib\libstdc++.a
LOAD c:/intelfpga/17.1/nios2eds/bin/gnu/h-x86_64-mingw32/bin/../lib/gcc/nios2-elf/5.3.0/../../../../../H-x86_64-mingw32/nios2-elf/lib\libm.a
LOAD c:/intelfpga/17.1/nios2eds/bin/gnu/h-x86_64-mingw32/bin/../lib/gcc/nios2-elf/5.3.0\libgcc.a
START GROUP
LOAD c:/intelfpga/17.1/nios2eds/bin/gnu/h-x86_64-mingw32/bin/../lib/gcc/nios2-elf/5.3.0/../../../../../H-x86_64-mingw32/nios2-elf/lib\libc.a
LOAD c:/intelfpga/17.1/nios2eds/bin/gnu/h-x86_64-mingw32/bin/../lib/gcc/nios2-elf/5.3.0\libgcc.a
LOAD ../chromaKeyRTOS_bsp/\libucosii_bsp.a
LOAD c:/intelfpga/17.1/nios2eds/bin/gnu/h-x86_64-mingw32/bin/../lib/gcc/nios2-elf/5.3.0/../../../../../H-x86_64-mingw32/nios2-elf/lib\libm.a
END GROUP
LOAD c:/intelfpga/17.1/nios2eds/bin/gnu/h-x86_64-mingw32/bin/../lib/gcc/nios2-elf/5.3.0\libgcc.a
                0x0000000000000000                __alt_mem_sdram = 0x0
                0x0000000008000000                __alt_mem_flash_controller = 0x8000000
                0x0000000008800000                __alt_mem_onchip_memory = 0x8800000

.entry          0x0000000000000000       0x20
 *(.entry)
 .entry         0x0000000000000000       0x20 ../chromaKeyRTOS_bsp//obj/HAL/src/crt0.o
                0x0000000000000000                __reset

.exceptions     0x0000000000000020      0x228
                0x0000000000000020                PROVIDE (__ram_exceptions_start, ABSOLUTE (.))
                0x0000000000000020                . = ALIGN (0x20)
 *(.irq)
 *(.exceptions.entry.label)
 .exceptions.entry.label
                0x0000000000000020        0x0 ../chromaKeyRTOS_bsp/\libucosii_bsp.a(alt_irq_entry.o)
                0x0000000000000020                alt_irq_entry
 .exceptions.entry.label
                0x0000000000000020        0x0 ../chromaKeyRTOS_bsp/\libucosii_bsp.a(alt_exception_entry.o)
                0x0000000000000020                alt_exception
 *(.exceptions.entry.user)
 *(.exceptions.entry.ecc_fatal)
 *(.exceptions.entry)
 .exceptions.entry
                0x0000000000000020       0x54 ../chromaKeyRTOS_bsp/\libucosii_bsp.a(alt_exception_entry.o)
 *(.exceptions.irqtest.user)
 *(.exceptions.irqtest)
 .exceptions.irqtest
                0x0000000000000074       0x10 ../chromaKeyRTOS_bsp/\libucosii_bsp.a(alt_irq_entry.o)
 *(.exceptions.irqhandler.user)
 *(.exceptions.irqhandler)
 .exceptions.irqhandler
                0x0000000000000084        0x4 ../chromaKeyRTOS_bsp/\libucosii_bsp.a(alt_irq_entry.o)
 *(.exceptions.irqreturn.user)
 *(.exceptions.irqreturn)
 .exceptions.irqreturn
                0x0000000000000088        0x4 ../chromaKeyRTOS_bsp/\libucosii_bsp.a(alt_irq_entry.o)
 *(.exceptions.notirq.label)
 .exceptions.notirq.label
                0x000000000000008c        0x0 ../chromaKeyRTOS_bsp/\libucosii_bsp.a(alt_irq_entry.o)
 *(.exceptions.notirq.user)
 *(.exceptions.notirq)
 .exceptions.notirq
                0x000000000000008c        0x8 ../chromaKeyRTOS_bsp/\libucosii_bsp.a(alt_exception_entry.o)
 *(.exceptions.soft.user)
 *(.exceptions.soft)
 *(.exceptions.unknown.user)
 *(.exceptions.unknown)
 .exceptions.unknown
                0x0000000000000094       0x14 ../chromaKeyRTOS_bsp/\libucosii_bsp.a(alt_exception_entry.o)
 *(.exceptions.exit.label)
 .exceptions.exit.label
                0x00000000000000a8        0x0 ../chromaKeyRTOS_bsp/\libucosii_bsp.a(alt_irq_entry.o)
 .exceptions.exit.label
                0x00000000000000a8        0x0 ../chromaKeyRTOS_bsp/\libucosii_bsp.a(alt_exception_entry.o)
 *(.exceptions.exit.user)
 *(.exceptions.exit)
 .exceptions.exit
                0x00000000000000a8       0x54 ../chromaKeyRTOS_bsp/\libucosii_bsp.a(alt_exception_entry.o)
 *(.exceptions)
 .exceptions    0x00000000000000fc       0xd8 ../chromaKeyRTOS_bsp/\libucosii_bsp.a(alt_irq_handler.o)
                0x00000000000000fc                alt_irq_handler
 .exceptions    0x00000000000001d4       0x74 ../chromaKeyRTOS_bsp/\libucosii_bsp.a(alt_instruction_exception_entry.o)
                0x00000000000001d4                alt_instruction_exception_entry
                0x0000000000000248                PROVIDE (__ram_exceptions_end, ABSOLUTE (.))
                0x0000000000000020                PROVIDE (__flash_exceptions_start, LOADADDR (.exceptions))

.text           0x0000000000000248    0x2219c
                [!provide]                        PROVIDE (stext, ABSOLUTE (.))
 *(.interp)
 *(.hash)
 *(.dynsym)
 *(.dynstr)
 *(.gnu.version)
 *(.gnu.version_d)
 *(.gnu.version_r)
 *(.rel.init)
 *(.rela.init)
 *(.rel.text .rel.text.* .rel.gnu.linkonce.t.*)
 *(.rela.text .rela.text.* .rela.gnu.linkonce.t.*)
 *(.rel.fini)
 *(.rela.fini)
 *(.rel.rodata .rel.rodata.* .rel.gnu.linkonce.r.*)
 *(.rela.rodata .rela.rodata.* .rela.gnu.linkonce.r.*)
 *(.rel.data .rel.data.* .rel.gnu.linkonce.d.*)
 *(.rela.data .rela.data.* .rela.gnu.linkonce.d.*)
 *(.rel.tdata .rel.tdata.* .rel.gnu.linkonce.td.*)
 *(.rela.tdata .rela.tdata.* .rela.gnu.linkonce.td.*)
 *(.rel.tbss .rel.tbss.* .rel.gnu.linkonce.tb.*)
 *(.rela.tbss .rela.tbss.* .rela.gnu.linkonce.tb.*)
 *(.rel.ctors)
 *(.rela.ctors)
 *(.rel.dtors)
 *(.rela.dtors)
 *(.rel.got)
 *(.rela.got)
 *(.rel.sdata .rel.sdata.* .rel.gnu.linkonce.s.*)
 *(.rela.sdata .rela.sdata.* .rela.gnu.linkonce.s.*)
 *(.rel.sbss .rel.sbss.* .rel.gnu.linkonce.sb.*)
 *(.rela.sbss .rela.sbss.* .rela.gnu.linkonce.sb.*)
 *(.rel.sdata2 .rel.sdata2.* .rel.gnu.linkonce.s2.*)
 *(.rela.sdata2 .rela.sdata2.* .rela.gnu.linkonce.s2.*)
 *(.rel.sbss2 .rel.sbss2.* .rel.gnu.linkonce.sb2.*)
 *(.rela.sbss2 .rela.sbss2.* .rela.gnu.linkonce.sb2.*)
 *(.rel.bss .rel.bss.* .rel.gnu.linkonce.b.*)
 *(.rela.bss .rela.bss.* .rela.gnu.linkonce.b.*)
 *(.rel.plt)
 *(.rela.plt)
 *(.rel.dyn)
 *(.init)
 *(.plt)
 *(.text .stub .text.* .gnu.linkonce.t.*)
 .text          0x0000000000000248       0x4c ../chromaKeyRTOS_bsp//obj/HAL/src/crt0.o
                0x0000000000000248                _start
 .text          0x0000000000000294       0x34 obj/default/AppSw/Chs_Comm.o
                0x0000000000000294                main
 .text          0x00000000000002c8      0x238 obj/default/BaseSw/src/MTL.o
                0x00000000000002c8                MTL_box
                0x0000000000000374                MTL_text
                0x0000000000000400                borra_lineas_pantalla
 .text          0x0000000000000500      0x4a4 obj/default/BaseSw/src/alt_ucosii_simple_error_check.o
                0x0000000000000500                alt_ucosii_check_return_code
                0x000000000000054c                alt_ucosii_simple_error_handler
 .text          0x00000000000009a4       0xec obj/default/BaseSw/src/app_config.o
                0x00000000000009a4                Init_App
 .text          0x0000000000000a90      0x170 obj/default/BaseSw/src/functions.o
                0x0000000000000a90                readBMPFile
 .text          0x0000000000000c00      0x1bc obj/default/BaseSw/src/isr.o
                0x0000000000000c00                pushbutton_isr
                0x0000000000000cf8                switches_isr
 .text          0x0000000000000dbc      0x170 obj/default/BaseSw/src/lcd.o
                0x0000000000000dbc                LCD_cursor
                0x0000000000000e1c                LCD_text
                0x0000000000000e7c                LCD_cursor_off
                0x0000000000000ea8                LCD_thresholds
 .text          0x0000000000000f2c      0x204 obj/default/BaseSw/src/ledg.o
                0x0000000000000f2c                ledg_ON
                0x0000000000000f9c                ledg_OFF
                0x0000000000001010                blinky_ledg
                0x0000000000001080                ledg_OFF_All
                0x00000000000010d8                ledg_ON_All
 .text          0x0000000000001130      0x380 obj/default/BaseSw/src/task_config.o
                0x0000000000001130                read_switches
                0x00000000000011b8                read_pushbuttons
                0x000000000000127c                initOSDataStructs
                0x0000000000001310                TaskInit
                0x0000000000001368                CreateTasks
                0x00000000000013e4                initCreateTasks
 .text          0x00000000000014b0        0x0 c:/intelfpga/17.1/nios2eds/bin/gnu/h-x86_64-mingw32/bin/../lib/gcc/nios2-elf/5.3.0/../../../../../H-x86_64-mingw32/nios2-elf/lib\libc.a(lib_a-exit.o)
 .text.exit     0x00000000000014b0       0x38 c:/intelfpga/17.1/nios2eds/bin/gnu/h-x86_64-mingw32/bin/../lib/gcc/nios2-elf/5.3.0/../../../../../H-x86_64-mingw32/nios2-elf/lib\libc.a(lib_a-exit.o)
                0x00000000000014b0                exit
 .text          0x00000000000014e8        0x0 c:/intelfpga/17.1/nios2eds/bin/gnu/h-x86_64-mingw32/bin/../lib/gcc/nios2-elf/5.3.0/../../../../../H-x86_64-mingw32/nios2-elf/lib\libc.a(lib_a-fclose.o)
 .text._fclose_r
                0x00000000000014e8       0xf0 c:/intelfpga/17.1/nios2eds/bin/gnu/h-x86_64-mingw32/bin/../lib/gcc/nios2-elf/5.3.0/../../../../../H-x86_64-mingw32/nios2-elf/lib\libc.a(lib_a-fclose.o)
                0x00000000000014e8                _fclose_r
 .text.fclose   0x00000000000015d8       0x14 c:/intelfpga/17.1/nios2eds/bin/gnu/h-x86_64-mingw32/bin/../lib/gcc/nios2-elf/5.3.0/../../../../../H-x86_64-mingw32/nios2-elf/lib\libc.a(lib_a-fclose.o)
                0x00000000000015d8                fclose
 .text          0x00000000000015ec        0x0 c:/intelfpga/17.1/nios2eds/bin/gnu/h-x86_64-mingw32/bin/../lib/gcc/nios2-elf/5.3.0/../../../../../H-x86_64-mingw32/nios2-elf/lib\libc.a(lib_a-fflush.o)
 .text.__sflush_r
                0x00000000000015ec      0x21c c:/intelfpga/17.1/nios2eds/bin/gnu/h-x86_64-mingw32/bin/../lib/gcc/nios2-elf/5.3.0/../../../../../H-x86_64-mingw32/nios2-elf/lib\libc.a(lib_a-fflush.o)
                0x00000000000015ec                __sflush_r
 .text._fflush_r
                0x0000000000001808       0x5c c:/intelfpga/17.1/nios2eds/bin/gnu/h-x86_64-mingw32/bin/../lib/gcc/nios2-elf/5.3.0/../../../../../H-x86_64-mingw32/nios2-elf/lib\libc.a(lib_a-fflush.o)
                0x0000000000001808                _fflush_r
 .text.fflush   0x0000000000001864       0x30 c:/intelfpga/17.1/nios2eds/bin/gnu/h-x86_64-mingw32/bin/../lib/gcc/nios2-elf/5.3.0/../../../../../H-x86_64-mingw32/nios2-elf/lib\libc.a(lib_a-fflush.o)
                0x0000000000001864                fflush
 .text          0x0000000000001894        0x0 c:/intelfpga/17.1/nios2eds/bin/gnu/h-x86_64-mingw32/bin/../lib/gcc/nios2-elf/5.3.0/../../../../../H-x86_64-mingw32/nios2-elf/lib\libc.a(lib_a-findfp.o)
 .text.__fp_unlock
                0x0000000000001894        0x8 c:/intelfpga/17.1/nios2eds/bin/gnu/h-x86_64-mingw32/bin/../lib/gcc/nios2-elf/5.3.0/../../../../../H-x86_64-mingw32/nios2-elf/lib\libc.a(lib_a-findfp.o)
 .text._cleanup_r
                0x000000000000189c        0xc c:/intelfpga/17.1/nios2eds/bin/gnu/h-x86_64-mingw32/bin/../lib/gcc/nios2-elf/5.3.0/../../../../../H-x86_64-mingw32/nios2-elf/lib\libc.a(lib_a-findfp.o)
                0x000000000000189c                _cleanup_r
 .text.__sinit.part.1
                0x00000000000018a8      0x19c c:/intelfpga/17.1/nios2eds/bin/gnu/h-x86_64-mingw32/bin/../lib/gcc/nios2-elf/5.3.0/../../../../../H-x86_64-mingw32/nios2-elf/lib\libc.a(lib_a-findfp.o)
 .text.__fp_lock
                0x0000000000001a44        0x8 c:/intelfpga/17.1/nios2eds/bin/gnu/h-x86_64-mingw32/bin/../lib/gcc/nios2-elf/5.3.0/../../../../../H-x86_64-mingw32/nios2-elf/lib\libc.a(lib_a-findfp.o)
 .text.__sfmoreglue
                0x0000000000001a4c       0x68 c:/intelfpga/17.1/nios2eds/bin/gnu/h-x86_64-mingw32/bin/../lib/gcc/nios2-elf/5.3.0/../../../../../H-x86_64-mingw32/nios2-elf/lib\libc.a(lib_a-findfp.o)
                0x0000000000001a4c                __sfmoreglue
 .text.__sfp    0x0000000000001ab4      0x118 c:/intelfpga/17.1/nios2eds/bin/gnu/h-x86_64-mingw32/bin/../lib/gcc/nios2-elf/5.3.0/../../../../../H-x86_64-mingw32/nios2-elf/lib\libc.a(lib_a-findfp.o)
                0x0000000000001ab4                __sfp
 .text._cleanup
                0x0000000000001bcc       0x18 c:/intelfpga/17.1/nios2eds/bin/gnu/h-x86_64-mingw32/bin/../lib/gcc/nios2-elf/5.3.0/../../../../../H-x86_64-mingw32/nios2-elf/lib\libc.a(lib_a-findfp.o)
                0x0000000000001bcc                _cleanup
 .text.__sinit  0x0000000000001be4       0x10 c:/intelfpga/17.1/nios2eds/bin/gnu/h-x86_64-mingw32/bin/../lib/gcc/nios2-elf/5.3.0/../../../../../H-x86_64-mingw32/nios2-elf/lib\libc.a(lib_a-findfp.o)
                0x0000000000001be4                __sinit
 .text.__sfp_lock_acquire
                0x0000000000001bf4        0x4 c:/intelfpga/17.1/nios2eds/bin/gnu/h-x86_64-mingw32/bin/../lib/gcc/nios2-elf/5.3.0/../../../../../H-x86_64-mingw32/nios2-elf/lib\libc.a(lib_a-findfp.o)
                0x0000000000001bf4                __sfp_lock_acquire
 .text.__sfp_lock_release
                0x0000000000001bf8        0x4 c:/intelfpga/17.1/nios2eds/bin/gnu/h-x86_64-mingw32/bin/../lib/gcc/nios2-elf/5.3.0/../../../../../H-x86_64-mingw32/nios2-elf/lib\libc.a(lib_a-findfp.o)
                0x0000000000001bf8                __sfp_lock_release
 .text.__sinit_lock_acquire
                0x0000000000001bfc        0x4 c:/intelfpga/17.1/nios2eds/bin/gnu/h-x86_64-mingw32/bin/../lib/gcc/nios2-elf/5.3.0/../../../../../H-x86_64-mingw32/nios2-elf/lib\libc.a(lib_a-findfp.o)
                0x0000000000001bfc                __sinit_lock_acquire
 .text.__sinit_lock_release
                0x0000000000001c00        0x4 c:/intelfpga/17.1/nios2eds/bin/gnu/h-x86_64-mingw32/bin/../lib/gcc/nios2-elf/5.3.0/../../../../../H-x86_64-mingw32/nios2-elf/lib\libc.a(lib_a-findfp.o)
                0x0000000000001c00                __sinit_lock_release
 .text.__fp_lock_all
                0x0000000000001c04       0x18 c:/intelfpga/17.1/nios2eds/bin/gnu/h-x86_64-mingw32/bin/../lib/gcc/nios2-elf/5.3.0/../../../../../H-x86_64-mingw32/nios2-elf/lib\libc.a(lib_a-findfp.o)
                0x0000000000001c04                __fp_lock_all
 .text.__fp_unlock_all
                0x0000000000001c1c       0x18 c:/intelfpga/17.1/nios2eds/bin/gnu/h-x86_64-mingw32/bin/../lib/gcc/nios2-elf/5.3.0/../../../../../H-x86_64-mingw32/nios2-elf/lib\libc.a(lib_a-findfp.o)
                0x0000000000001c1c                __fp_unlock_all
 .text          0x0000000000001c34        0x0 c:/intelfpga/17.1/nios2eds/bin/gnu/h-x86_64-mingw32/bin/../lib/gcc/nios2-elf/5.3.0/../../../../../H-x86_64-mingw32/nios2-elf/lib\libc.a(lib_a-fopen.o)
 .text._fopen_r
                0x0000000000001c34       0xf4 c:/intelfpga/17.1/nios2eds/bin/gnu/h-x86_64-mingw32/bin/../lib/gcc/nios2-elf/5.3.0/../../../../../H-x86_64-mingw32/nios2-elf/lib\libc.a(lib_a-fopen.o)
                0x0000000000001c34                _fopen_r
 .text.fopen    0x0000000000001d28       0x18 c:/intelfpga/17.1/nios2eds/bin/gnu/h-x86_64-mingw32/bin/../lib/gcc/nios2-elf/5.3.0/../../../../../H-x86_64-mingw32/nios2-elf/lib\libc.a(lib_a-fopen.o)
                0x0000000000001d28                fopen
 .text          0x0000000000001d40        0x0 c:/intelfpga/17.1/nios2eds/bin/gnu/h-x86_64-mingw32/bin/../lib/gcc/nios2-elf/5.3.0/../../../../../H-x86_64-mingw32/nios2-elf/lib\libc.a(lib_a-fprintf.o)
 .text._fprintf_r
                0x0000000000001d40       0x28 c:/intelfpga/17.1/nios2eds/bin/gnu/h-x86_64-mingw32/bin/../lib/gcc/nios2-elf/5.3.0/../../../../../H-x86_64-mingw32/nios2-elf/lib\libc.a(lib_a-fprintf.o)
                0x0000000000001d40                _fprintf_r
 .text.fprintf  0x0000000000001d68       0x24 c:/intelfpga/17.1/nios2eds/bin/gnu/h-x86_64-mingw32/bin/../lib/gcc/nios2-elf/5.3.0/../../../../../H-x86_64-mingw32/nios2-elf/lib\libc.a(lib_a-fprintf.o)
                0x0000000000001d68                fprintf
 .text          0x0000000000001d8c        0x0 c:/intelfpga/17.1/nios2eds/bin/gnu/h-x86_64-mingw32/bin/../lib/gcc/nios2-elf/5.3.0/../../../../../H-x86_64-mingw32/nios2-elf/lib\libc.a(lib_a-freer.o)
 .text._malloc_trim_r
                0x0000000000001d8c      0x124 c:/intelfpga/17.1/nios2eds/bin/gnu/h-x86_64-mingw32/bin/../lib/gcc/nios2-elf/5.3.0/../../../../../H-x86_64-mingw32/nios2-elf/lib\libc.a(lib_a-freer.o)
                0x0000000000001d8c                _malloc_trim_r
 .text._free_r  0x0000000000001eb0      0x310 c:/intelfpga/17.1/nios2eds/bin/gnu/h-x86_64-mingw32/bin/../lib/gcc/nios2-elf/5.3.0/../../../../../H-x86_64-mingw32/nios2-elf/lib\libc.a(lib_a-freer.o)
                0x0000000000001eb0                _free_r
 .text          0x00000000000021c0        0x0 c:/intelfpga/17.1/nios2eds/bin/gnu/h-x86_64-mingw32/bin/../lib/gcc/nios2-elf/5.3.0/../../../../../H-x86_64-mingw32/nios2-elf/lib\libc.a(lib_a-fseek.o)
 .text._fseek_r
                0x00000000000021c0        0x4 c:/intelfpga/17.1/nios2eds/bin/gnu/h-x86_64-mingw32/bin/../lib/gcc/nios2-elf/5.3.0/../../../../../H-x86_64-mingw32/nios2-elf/lib\libc.a(lib_a-fseek.o)
                0x00000000000021c0                _fseek_r
 .text.fseek    0x00000000000021c4       0x1c c:/intelfpga/17.1/nios2eds/bin/gnu/h-x86_64-mingw32/bin/../lib/gcc/nios2-elf/5.3.0/../../../../../H-x86_64-mingw32/nios2-elf/lib\libc.a(lib_a-fseek.o)
                0x00000000000021c4                fseek
 .text          0x00000000000021e0        0x0 c:/intelfpga/17.1/nios2eds/bin/gnu/h-x86_64-mingw32/bin/../lib/gcc/nios2-elf/5.3.0/../../../../../H-x86_64-mingw32/nios2-elf/lib\libc.a(lib_a-fseeko.o)
 .text._fseeko_r
                0x00000000000021e0      0x444 c:/intelfpga/17.1/nios2eds/bin/gnu/h-x86_64-mingw32/bin/../lib/gcc/nios2-elf/5.3.0/../../../../../H-x86_64-mingw32/nios2-elf/lib\libc.a(lib_a-fseeko.o)
                0x00000000000021e0                _fseeko_r
 .text.fseeko   0x0000000000002624       0x1c c:/intelfpga/17.1/nios2eds/bin/gnu/h-x86_64-mingw32/bin/../lib/gcc/nios2-elf/5.3.0/../../../../../H-x86_64-mingw32/nios2-elf/lib\libc.a(lib_a-fseeko.o)
                0x0000000000002624                fseeko
 .text          0x0000000000002640        0x0 c:/intelfpga/17.1/nios2eds/bin/gnu/h-x86_64-mingw32/bin/../lib/gcc/nios2-elf/5.3.0/../../../../../H-x86_64-mingw32/nios2-elf/lib\libc.a(lib_a-fstatr.o)
 .text._fstat_r
                0x0000000000002640       0x5c c:/intelfpga/17.1/nios2eds/bin/gnu/h-x86_64-mingw32/bin/../lib/gcc/nios2-elf/5.3.0/../../../../../H-x86_64-mingw32/nios2-elf/lib\libc.a(lib_a-fstatr.o)
                0x0000000000002640                _fstat_r
 .text          0x000000000000269c        0x0 c:/intelfpga/17.1/nios2eds/bin/gnu/h-x86_64-mingw32/bin/../lib/gcc/nios2-elf/5.3.0/../../../../../H-x86_64-mingw32/nios2-elf/lib\libc.a(lib_a-fwalk.o)
 .text._fwalk   0x000000000000269c       0xc4 c:/intelfpga/17.1/nios2eds/bin/gnu/h-x86_64-mingw32/bin/../lib/gcc/nios2-elf/5.3.0/../../../../../H-x86_64-mingw32/nios2-elf/lib\libc.a(lib_a-fwalk.o)
                0x000000000000269c                _fwalk
 .text._fwalk_reent
                0x0000000000002760       0xc4 c:/intelfpga/17.1/nios2eds/bin/gnu/h-x86_64-mingw32/bin/../lib/gcc/nios2-elf/5.3.0/../../../../../H-x86_64-mingw32/nios2-elf/lib\libc.a(lib_a-fwalk.o)
                0x0000000000002760                _fwalk_reent
 .text          0x0000000000002824        0x0 c:/intelfpga/17.1/nios2eds/bin/gnu/h-x86_64-mingw32/bin/../lib/gcc/nios2-elf/5.3.0/../../../../../H-x86_64-mingw32/nios2-elf/lib\libc.a(lib_a-fwrite.o)
 .text._fwrite_r
                0x0000000000002824       0xcc c:/intelfpga/17.1/nios2eds/bin/gnu/h-x86_64-mingw32/bin/../lib/gcc/nios2-elf/5.3.0/../../../../../H-x86_64-mingw32/nios2-elf/lib\libc.a(lib_a-fwrite.o)
                0x0000000000002824                _fwrite_r
 .text.fwrite   0x00000000000028f0       0x34 c:/intelfpga/17.1/nios2eds/bin/gnu/h-x86_64-mingw32/bin/../lib/gcc/nios2-elf/5.3.0/../../../../../H-x86_64-mingw32/nios2-elf/lib\libc.a(lib_a-fwrite.o)
                0x00000000000028f0                fwrite
 .text          0x0000000000002924        0x0 c:/intelfpga/17.1/nios2eds/bin/gnu/h-x86_64-mingw32/bin/../lib/gcc/nios2-elf/5.3.0/../../../../../H-x86_64-mingw32/nios2-elf/lib\libc.a(lib_a-getc.o)
 .text._getc_r  0x0000000000002924       0x70 c:/intelfpga/17.1/nios2eds/bin/gnu/h-x86_64-mingw32/bin/../lib/gcc/nios2-elf/5.3.0/../../../../../H-x86_64-mingw32/nios2-elf/lib\libc.a(lib_a-getc.o)
                0x0000000000002924                _getc_r
 .text.getc     0x0000000000002994       0x88 c:/intelfpga/17.1/nios2eds/bin/gnu/h-x86_64-mingw32/bin/../lib/gcc/nios2-elf/5.3.0/../../../../../H-x86_64-mingw32/nios2-elf/lib\libc.a(lib_a-getc.o)
                0x0000000000002994                getc
 .text          0x0000000000002a1c        0x0 c:/intelfpga/17.1/nios2eds/bin/gnu/h-x86_64-mingw32/bin/../lib/gcc/nios2-elf/5.3.0/../../../../../H-x86_64-mingw32/nios2-elf/lib\libc.a(lib_a-impure.o)
 .text          0x0000000000002a1c        0x0 c:/intelfpga/17.1/nios2eds/bin/gnu/h-x86_64-mingw32/bin/../lib/gcc/nios2-elf/5.3.0/../../../../../H-x86_64-mingw32/nios2-elf/lib\libc.a(lib_a-int_errno.o)
 .text          0x0000000000002a1c        0x0 c:/intelfpga/17.1/nios2eds/bin/gnu/h-x86_64-mingw32/bin/../lib/gcc/nios2-elf/5.3.0/../../../../../H-x86_64-mingw32/nios2-elf/lib\libc.a(lib_a-makebuf.o)
 .text.__smakebuf_r
                0x0000000000002a1c      0x1bc c:/intelfpga/17.1/nios2eds/bin/gnu/h-x86_64-mingw32/bin/../lib/gcc/nios2-elf/5.3.0/../../../../../H-x86_64-mingw32/nios2-elf/lib\libc.a(lib_a-makebuf.o)
                0x0000000000002a1c                __smakebuf_r
 .text          0x0000000000002bd8        0x0 c:/intelfpga/17.1/nios2eds/bin/gnu/h-x86_64-mingw32/bin/../lib/gcc/nios2-elf/5.3.0/../../../../../H-x86_64-mingw32/nios2-elf/lib\libc.a(lib_a-mallocr.o)
 .text._malloc_r
                0x0000000000002bd8      0x80c c:/intelfpga/17.1/nios2eds/bin/gnu/h-x86_64-mingw32/bin/../lib/gcc/nios2-elf/5.3.0/../../../../../H-x86_64-mingw32/nios2-elf/lib\libc.a(lib_a-mallocr.o)
                0x0000000000002bd8                _malloc_r
 .text          0x00000000000033e4        0x0 c:/intelfpga/17.1/nios2eds/bin/gnu/h-x86_64-mingw32/bin/../lib/gcc/nios2-elf/5.3.0/../../../../../H-x86_64-mingw32/nios2-elf/lib\libc.a(lib_a-memset.o)
 .text.memset   0x00000000000033e4      0x128 c:/intelfpga/17.1/nios2eds/bin/gnu/h-x86_64-mingw32/bin/../lib/gcc/nios2-elf/5.3.0/../../../../../H-x86_64-mingw32/nios2-elf/lib\libc.a(lib_a-memset.o)
                0x00000000000033e4                memset
 .text          0x000000000000350c        0x0 c:/intelfpga/17.1/nios2eds/bin/gnu/h-x86_64-mingw32/bin/../lib/gcc/nios2-elf/5.3.0/../../../../../H-x86_64-mingw32/nios2-elf/lib\libc.a(lib_a-openr.o)
 .text._open_r  0x000000000000350c       0x60 c:/intelfpga/17.1/nios2eds/bin/gnu/h-x86_64-mingw32/bin/../lib/gcc/nios2-elf/5.3.0/../../../../../H-x86_64-mingw32/nios2-elf/lib\libc.a(lib_a-openr.o)
                0x000000000000350c                _open_r
 .text          0x000000000000356c        0x0 c:/intelfpga/17.1/nios2eds/bin/gnu/h-x86_64-mingw32/bin/../lib/gcc/nios2-elf/5.3.0/../../../../../H-x86_64-mingw32/nios2-elf/lib\libc.a(lib_a-puts.o)
 .text._puts_r  0x000000000000356c       0xc0 c:/intelfpga/17.1/nios2eds/bin/gnu/h-x86_64-mingw32/bin/../lib/gcc/nios2-elf/5.3.0/../../../../../H-x86_64-mingw32/nios2-elf/lib\libc.a(lib_a-puts.o)
                0x000000000000356c                _puts_r
 .text.puts     0x000000000000362c       0x14 c:/intelfpga/17.1/nios2eds/bin/gnu/h-x86_64-mingw32/bin/../lib/gcc/nios2-elf/5.3.0/../../../../../H-x86_64-mingw32/nios2-elf/lib\libc.a(lib_a-puts.o)
                0x000000000000362c                puts
 .text          0x0000000000003640        0x0 c:/intelfpga/17.1/nios2eds/bin/gnu/h-x86_64-mingw32/bin/../lib/gcc/nios2-elf/5.3.0/../../../../../H-x86_64-mingw32/nios2-elf/lib\libc.a(lib_a-refill.o)
 .text.lflush   0x0000000000003640       0x1c c:/intelfpga/17.1/nios2eds/bin/gnu/h-x86_64-mingw32/bin/../lib/gcc/nios2-elf/5.3.0/../../../../../H-x86_64-mingw32/nios2-elf/lib\libc.a(lib_a-refill.o)
 .text.__srefill_r
                0x000000000000365c      0x1d4 c:/intelfpga/17.1/nios2eds/bin/gnu/h-x86_64-mingw32/bin/../lib/gcc/nios2-elf/5.3.0/../../../../../H-x86_64-mingw32/nios2-elf/lib\libc.a(lib_a-refill.o)
                0x000000000000365c                __srefill_r
 .text          0x0000000000003830        0x0 c:/intelfpga/17.1/nios2eds/bin/gnu/h-x86_64-mingw32/bin/../lib/gcc/nios2-elf/5.3.0/../../../../../H-x86_64-mingw32/nios2-elf/lib\libc.a(lib_a-rget.o)
 .text.__srget_r
                0x0000000000003830       0x74 c:/intelfpga/17.1/nios2eds/bin/gnu/h-x86_64-mingw32/bin/../lib/gcc/nios2-elf/5.3.0/../../../../../H-x86_64-mingw32/nios2-elf/lib\libc.a(lib_a-rget.o)
                0x0000000000003830                __srget_r
 .text.__srget  0x00000000000038a4       0x14 c:/intelfpga/17.1/nios2eds/bin/gnu/h-x86_64-mingw32/bin/../lib/gcc/nios2-elf/5.3.0/../../../../../H-x86_64-mingw32/nios2-elf/lib\libc.a(lib_a-rget.o)
                0x00000000000038a4                __srget
 .text          0x00000000000038b8        0x0 c:/intelfpga/17.1/nios2eds/bin/gnu/h-x86_64-mingw32/bin/../lib/gcc/nios2-elf/5.3.0/../../../../../H-x86_64-mingw32/nios2-elf/lib\libc.a(lib_a-sbrkr.o)
 .text._sbrk_r  0x00000000000038b8       0x54 c:/intelfpga/17.1/nios2eds/bin/gnu/h-x86_64-mingw32/bin/../lib/gcc/nios2-elf/5.3.0/../../../../../H-x86_64-mingw32/nios2-elf/lib\libc.a(lib_a-sbrkr.o)
                0x00000000000038b8                _sbrk_r
 .text          0x000000000000390c        0x0 c:/intelfpga/17.1/nios2eds/bin/gnu/h-x86_64-mingw32/bin/../lib/gcc/nios2-elf/5.3.0/../../../../../H-x86_64-mingw32/nios2-elf/lib\libc.a(lib_a-sprintf.o)
 .text._sprintf_r
                0x000000000000390c       0x58 c:/intelfpga/17.1/nios2eds/bin/gnu/h-x86_64-mingw32/bin/../lib/gcc/nios2-elf/5.3.0/../../../../../H-x86_64-mingw32/nios2-elf/lib\libc.a(lib_a-sprintf.o)
                0x000000000000390c                _sprintf_r
 .text.sprintf  0x0000000000003964       0x6c c:/intelfpga/17.1/nios2eds/bin/gnu/h-x86_64-mingw32/bin/../lib/gcc/nios2-elf/5.3.0/../../../../../H-x86_64-mingw32/nios2-elf/lib\libc.a(lib_a-sprintf.o)
                0x0000000000003964                sprintf
 .text          0x00000000000039d0        0x0 c:/intelfpga/17.1/nios2eds/bin/gnu/h-x86_64-mingw32/bin/../lib/gcc/nios2-elf/5.3.0/../../../../../H-x86_64-mingw32/nios2-elf/lib\libc.a(lib_a-stdio.o)
 .text.__sread  0x00000000000039d0       0x54 c:/intelfpga/17.1/nios2eds/bin/gnu/h-x86_64-mingw32/bin/../lib/gcc/nios2-elf/5.3.0/../../../../../H-x86_64-mingw32/nios2-elf/lib\libc.a(lib_a-stdio.o)
                0x00000000000039d0                __sread
 .text.__seofread
                0x0000000000003a24        0x8 c:/intelfpga/17.1/nios2eds/bin/gnu/h-x86_64-mingw32/bin/../lib/gcc/nios2-elf/5.3.0/../../../../../H-x86_64-mingw32/nios2-elf/lib\libc.a(lib_a-stdio.o)
                0x0000000000003a24                __seofread
 .text.__swrite
                0x0000000000003a2c       0x7c c:/intelfpga/17.1/nios2eds/bin/gnu/h-x86_64-mingw32/bin/../lib/gcc/nios2-elf/5.3.0/../../../../../H-x86_64-mingw32/nios2-elf/lib\libc.a(lib_a-stdio.o)
                0x0000000000003a2c                __swrite
 .text.__sseek  0x0000000000003aa8       0x5c c:/intelfpga/17.1/nios2eds/bin/gnu/h-x86_64-mingw32/bin/../lib/gcc/nios2-elf/5.3.0/../../../../../H-x86_64-mingw32/nios2-elf/lib\libc.a(lib_a-stdio.o)
                0x0000000000003aa8                __sseek
 .text.__sclose
                0x0000000000003b04        0x8 c:/intelfpga/17.1/nios2eds/bin/gnu/h-x86_64-mingw32/bin/../lib/gcc/nios2-elf/5.3.0/../../../../../H-x86_64-mingw32/nios2-elf/lib\libc.a(lib_a-stdio.o)
                0x0000000000003b04                __sclose
 .text          0x0000000000003b0c        0x0 c:/intelfpga/17.1/nios2eds/bin/gnu/h-x86_64-mingw32/bin/../lib/gcc/nios2-elf/5.3.0/../../../../../H-x86_64-mingw32/nios2-elf/lib\libc.a(lib_a-strlen.o)
 .text.strlen   0x0000000000003b0c       0x98 c:/intelfpga/17.1/nios2eds/bin/gnu/h-x86_64-mingw32/bin/../lib/gcc/nios2-elf/5.3.0/../../../../../H-x86_64-mingw32/nios2-elf/lib\libc.a(lib_a-strlen.o)
                0x0000000000003b0c                strlen
 .text          0x0000000000003ba4        0x0 c:/intelfpga/17.1/nios2eds/bin/gnu/h-x86_64-mingw32/bin/../lib/gcc/nios2-elf/5.3.0/../../../../../H-x86_64-mingw32/nios2-elf/lib\libc.a(lib_a-svfprintf.o)
 .text.___svfprintf_internal_r
                0x0000000000003ba4     0x21d8 c:/intelfpga/17.1/nios2eds/bin/gnu/h-x86_64-mingw32/bin/../lib/gcc/nios2-elf/5.3.0/../../../../../H-x86_64-mingw32/nios2-elf/lib\libc.a(lib_a-svfprintf.o)
                0x0000000000003ba4                ___svfprintf_internal_r
 .text          0x0000000000005d7c        0x0 c:/intelfpga/17.1/nios2eds/bin/gnu/h-x86_64-mingw32/bin/../lib/gcc/nios2-elf/5.3.0/../../../../../H-x86_64-mingw32/nios2-elf/lib\libc.a(lib_a-vfprintf.o)
 .text.___vfprintf_internal_r
                0x0000000000005d7c     0x21f8 c:/intelfpga/17.1/nios2eds/bin/gnu/h-x86_64-mingw32/bin/../lib/gcc/nios2-elf/5.3.0/../../../../../H-x86_64-mingw32/nios2-elf/lib\libc.a(lib_a-vfprintf.o)
                0x0000000000005d7c                ___vfprintf_internal_r
 .text.__vfprintf_internal
                0x0000000000007f74       0x1c c:/intelfpga/17.1/nios2eds/bin/gnu/h-x86_64-mingw32/bin/../lib/gcc/nios2-elf/5.3.0/../../../../../H-x86_64-mingw32/nios2-elf/lib\libc.a(lib_a-vfprintf.o)
                0x0000000000007f74                __vfprintf_internal
 .text.__sbprintf
                0x0000000000007f90       0xbc c:/intelfpga/17.1/nios2eds/bin/gnu/h-x86_64-mingw32/bin/../lib/gcc/nios2-elf/5.3.0/../../../../../H-x86_64-mingw32/nios2-elf/lib\libc.a(lib_a-vfprintf.o)
 .text          0x000000000000804c        0x0 c:/intelfpga/17.1/nios2eds/bin/gnu/h-x86_64-mingw32/bin/../lib/gcc/nios2-elf/5.3.0/../../../../../H-x86_64-mingw32/nios2-elf/lib\libc.a(lib_a-writer.o)
 .text._write_r
                0x000000000000804c       0x60 c:/intelfpga/17.1/nios2eds/bin/gnu/h-x86_64-mingw32/bin/../lib/gcc/nios2-elf/5.3.0/../../../../../H-x86_64-mingw32/nios2-elf/lib\libc.a(lib_a-writer.o)
                0x000000000000804c                _write_r
 .text          0x00000000000080ac        0x0 c:/intelfpga/17.1/nios2eds/bin/gnu/h-x86_64-mingw32/bin/../lib/gcc/nios2-elf/5.3.0/../../../../../H-x86_64-mingw32/nios2-elf/lib\libc.a(lib_a-wsetup.o)
 .text.__swsetup_r
                0x00000000000080ac      0x154 c:/intelfpga/17.1/nios2eds/bin/gnu/h-x86_64-mingw32/bin/../lib/gcc/nios2-elf/5.3.0/../../../../../H-x86_64-mingw32/nios2-elf/lib\libc.a(lib_a-wsetup.o)
                0x00000000000080ac                __swsetup_r
 .text          0x0000000000008200        0x0 c:/intelfpga/17.1/nios2eds/bin/gnu/h-x86_64-mingw32/bin/../lib/gcc/nios2-elf/5.3.0/../../../../../H-x86_64-mingw32/nios2-elf/lib\libc.a(closer.o)
 .text._close_r
                0x0000000000008200       0x54 c:/intelfpga/17.1/nios2eds/bin/gnu/h-x86_64-mingw32/bin/../lib/gcc/nios2-elf/5.3.0/../../../../../H-x86_64-mingw32/nios2-elf/lib\libc.a(closer.o)
                0x0000000000008200                _close_r
 .text          0x0000000000008254        0x0 c:/intelfpga/17.1/nios2eds/bin/gnu/h-x86_64-mingw32/bin/../lib/gcc/nios2-elf/5.3.0/../../../../../H-x86_64-mingw32/nios2-elf/lib\libc.a(lib_a-__call_atexit.o)
 .text.__call_exitprocs
                0x0000000000008254      0x180 c:/intelfpga/17.1/nios2eds/bin/gnu/h-x86_64-mingw32/bin/../lib/gcc/nios2-elf/5.3.0/../../../../../H-x86_64-mingw32/nios2-elf/lib\libc.a(lib_a-__call_atexit.o)
                0x0000000000008254                __call_exitprocs
 .text          0x00000000000083d4        0x0 c:/intelfpga/17.1/nios2eds/bin/gnu/h-x86_64-mingw32/bin/../lib/gcc/nios2-elf/5.3.0/../../../../../H-x86_64-mingw32/nios2-elf/lib\libc.a(lib_a-dtoa.o)
 .text.quorem   0x00000000000083d4      0x200 c:/intelfpga/17.1/nios2eds/bin/gnu/h-x86_64-mingw32/bin/../lib/gcc/nios2-elf/5.3.0/../../../../../H-x86_64-mingw32/nios2-elf/lib\libc.a(lib_a-dtoa.o)
 .text._dtoa_r  0x00000000000085d4     0x1688 c:/intelfpga/17.1/nios2eds/bin/gnu/h-x86_64-mingw32/bin/../lib/gcc/nios2-elf/5.3.0/../../../../../H-x86_64-mingw32/nios2-elf/lib\libc.a(lib_a-dtoa.o)
                0x00000000000085d4                _dtoa_r
 .text          0x0000000000009c5c        0x0 c:/intelfpga/17.1/nios2eds/bin/gnu/h-x86_64-mingw32/bin/../lib/gcc/nios2-elf/5.3.0/../../../../../H-x86_64-mingw32/nios2-elf/lib\libc.a(lib_a-flags.o)
 .text.__sflags
                0x0000000000009c5c       0xac c:/intelfpga/17.1/nios2eds/bin/gnu/h-x86_64-mingw32/bin/../lib/gcc/nios2-elf/5.3.0/../../../../../H-x86_64-mingw32/nios2-elf/lib\libc.a(lib_a-flags.o)
                0x0000000000009c5c                __sflags
 .text          0x0000000000009d08        0x0 c:/intelfpga/17.1/nios2eds/bin/gnu/h-x86_64-mingw32/bin/../lib/gcc/nios2-elf/5.3.0/../../../../../H-x86_64-mingw32/nios2-elf/lib\libc.a(lib_a-fvwrite.o)
 .text.__sfvwrite_r
                0x0000000000009d08      0x4bc c:/intelfpga/17.1/nios2eds/bin/gnu/h-x86_64-mingw32/bin/../lib/gcc/nios2-elf/5.3.0/../../../../../H-x86_64-mingw32/nios2-elf/lib\libc.a(lib_a-fvwrite.o)
                0x0000000000009d08                __sfvwrite_r
 .text          0x000000000000a1c4        0x0 c:/intelfpga/17.1/nios2eds/bin/gnu/h-x86_64-mingw32/bin/../lib/gcc/nios2-elf/5.3.0/../../../../../H-x86_64-mingw32/nios2-elf/lib\libc.a(lib_a-isattyr.o)
 .text._isatty_r
                0x000000000000a1c4       0x54 c:/intelfpga/17.1/nios2eds/bin/gnu/h-x86_64-mingw32/bin/../lib/gcc/nios2-elf/5.3.0/../../../../../H-x86_64-mingw32/nios2-elf/lib\libc.a(lib_a-isattyr.o)
                0x000000000000a1c4                _isatty_r
 .text          0x000000000000a218        0x0 c:/intelfpga/17.1/nios2eds/bin/gnu/h-x86_64-mingw32/bin/../lib/gcc/nios2-elf/5.3.0/../../../../../H-x86_64-mingw32/nios2-elf/lib\libc.a(lib_a-locale.o)
 .text._setlocale_r
                0x000000000000a218       0x7c c:/intelfpga/17.1/nios2eds/bin/gnu/h-x86_64-mingw32/bin/../lib/gcc/nios2-elf/5.3.0/../../../../../H-x86_64-mingw32/nios2-elf/lib\libc.a(lib_a-locale.o)
                0x000000000000a218                _setlocale_r
 .text.__locale_charset
                0x000000000000a294        0xc c:/intelfpga/17.1/nios2eds/bin/gnu/h-x86_64-mingw32/bin/../lib/gcc/nios2-elf/5.3.0/../../../../../H-x86_64-mingw32/nios2-elf/lib\libc.a(lib_a-locale.o)
                0x000000000000a294                __locale_charset
 .text.__locale_mb_cur_max
                0x000000000000a2a0       0x10 c:/intelfpga/17.1/nios2eds/bin/gnu/h-x86_64-mingw32/bin/../lib/gcc/nios2-elf/5.3.0/../../../../../H-x86_64-mingw32/nios2-elf/lib\libc.a(lib_a-locale.o)
                0x000000000000a2a0                __locale_mb_cur_max
 .text.__locale_msgcharset
                0x000000000000a2b0        0xc c:/intelfpga/17.1/nios2eds/bin/gnu/h-x86_64-mingw32/bin/../lib/gcc/nios2-elf/5.3.0/../../../../../H-x86_64-mingw32/nios2-elf/lib\libc.a(lib_a-locale.o)
                0x000000000000a2b0                __locale_msgcharset
 .text.__locale_cjk_lang
                0x000000000000a2bc        0x8 c:/intelfpga/17.1/nios2eds/bin/gnu/h-x86_64-mingw32/bin/../lib/gcc/nios2-elf/5.3.0/../../../../../H-x86_64-mingw32/nios2-elf/lib\libc.a(lib_a-locale.o)
                0x000000000000a2bc                __locale_cjk_lang
 .text._localeconv_r
                0x000000000000a2c4        0xc c:/intelfpga/17.1/nios2eds/bin/gnu/h-x86_64-mingw32/bin/../lib/gcc/nios2-elf/5.3.0/../../../../../H-x86_64-mingw32/nios2-elf/lib\libc.a(lib_a-locale.o)
                0x000000000000a2c4                _localeconv_r
 .text.setlocale
                0x000000000000a2d0       0x18 c:/intelfpga/17.1/nios2eds/bin/gnu/h-x86_64-mingw32/bin/../lib/gcc/nios2-elf/5.3.0/../../../../../H-x86_64-mingw32/nios2-elf/lib\libc.a(lib_a-locale.o)
                0x000000000000a2d0                setlocale
 .text.localeconv
                0x000000000000a2e8        0xc c:/intelfpga/17.1/nios2eds/bin/gnu/h-x86_64-mingw32/bin/../lib/gcc/nios2-elf/5.3.0/../../../../../H-x86_64-mingw32/nios2-elf/lib\libc.a(lib_a-locale.o)
                0x000000000000a2e8                localeconv
 .text          0x000000000000a2f4        0x0 c:/intelfpga/17.1/nios2eds/bin/gnu/h-x86_64-mingw32/bin/../lib/gcc/nios2-elf/5.3.0/../../../../../H-x86_64-mingw32/nios2-elf/lib\libc.a(lib_a-lseekr.o)
 .text._lseek_r
                0x000000000000a2f4       0x60 c:/intelfpga/17.1/nios2eds/bin/gnu/h-x86_64-mingw32/bin/../lib/gcc/nios2-elf/5.3.0/../../../../../H-x86_64-mingw32/nios2-elf/lib\libc.a(lib_a-lseekr.o)
                0x000000000000a2f4                _lseek_r
 .text          0x000000000000a354        0x0 c:/intelfpga/17.1/nios2eds/bin/gnu/h-x86_64-mingw32/bin/../lib/gcc/nios2-elf/5.3.0/../../../../../H-x86_64-mingw32/nios2-elf/lib\libc.a(lib_a-memchr.o)
 .text.memchr   0x000000000000a354       0xe4 c:/intelfpga/17.1/nios2eds/bin/gnu/h-x86_64-mingw32/bin/../lib/gcc/nios2-elf/5.3.0/../../../../../H-x86_64-mingw32/nios2-elf/lib\libc.a(lib_a-memchr.o)
                0x000000000000a354                memchr
 .text          0x000000000000a438        0x0 c:/intelfpga/17.1/nios2eds/bin/gnu/h-x86_64-mingw32/bin/../lib/gcc/nios2-elf/5.3.0/../../../../../H-x86_64-mingw32/nios2-elf/lib\libc.a(lib_a-memcpy.o)
 .text.memcpy   0x000000000000a438      0x148 c:/intelfpga/17.1/nios2eds/bin/gnu/h-x86_64-mingw32/bin/../lib/gcc/nios2-elf/5.3.0/../../../../../H-x86_64-mingw32/nios2-elf/lib\libc.a(lib_a-memcpy.o)
                0x000000000000a438                memcpy
 .text          0x000000000000a580        0x0 c:/intelfpga/17.1/nios2eds/bin/gnu/h-x86_64-mingw32/bin/../lib/gcc/nios2-elf/5.3.0/../../../../../H-x86_64-mingw32/nios2-elf/lib\libc.a(lib_a-memmove.o)
 .text.memmove  0x000000000000a580      0x15c c:/intelfpga/17.1/nios2eds/bin/gnu/h-x86_64-mingw32/bin/../lib/gcc/nios2-elf/5.3.0/../../../../../H-x86_64-mingw32/nios2-elf/lib\libc.a(lib_a-memmove.o)
                0x000000000000a580                memmove
 .text          0x000000000000a6dc        0x0 c:/intelfpga/17.1/nios2eds/bin/gnu/h-x86_64-mingw32/bin/../lib/gcc/nios2-elf/5.3.0/../../../../../H-x86_64-mingw32/nios2-elf/lib\libc.a(lib_a-mprec.o)
 .text._Balloc  0x000000000000a6dc       0xa8 c:/intelfpga/17.1/nios2eds/bin/gnu/h-x86_64-mingw32/bin/../lib/gcc/nios2-elf/5.3.0/../../../../../H-x86_64-mingw32/nios2-elf/lib\libc.a(lib_a-mprec.o)
                0x000000000000a6dc                _Balloc
 .text._Bfree   0x000000000000a784       0x28 c:/intelfpga/17.1/nios2eds/bin/gnu/h-x86_64-mingw32/bin/../lib/gcc/nios2-elf/5.3.0/../../../../../H-x86_64-mingw32/nios2-elf/lib\libc.a(lib_a-mprec.o)
                0x000000000000a784                _Bfree
 .text.__multadd
                0x000000000000a7ac      0x120 c:/intelfpga/17.1/nios2eds/bin/gnu/h-x86_64-mingw32/bin/../lib/gcc/nios2-elf/5.3.0/../../../../../H-x86_64-mingw32/nios2-elf/lib\libc.a(lib_a-mprec.o)
                0x000000000000a7ac                __multadd
 .text.__s2b    0x000000000000a8cc      0x104 c:/intelfpga/17.1/nios2eds/bin/gnu/h-x86_64-mingw32/bin/../lib/gcc/nios2-elf/5.3.0/../../../../../H-x86_64-mingw32/nios2-elf/lib\libc.a(lib_a-mprec.o)
                0x000000000000a8cc                __s2b
 .text.__hi0bits
                0x000000000000a9d0       0x68 c:/intelfpga/17.1/nios2eds/bin/gnu/h-x86_64-mingw32/bin/../lib/gcc/nios2-elf/5.3.0/../../../../../H-x86_64-mingw32/nios2-elf/lib\libc.a(lib_a-mprec.o)
                0x000000000000a9d0                __hi0bits
 .text.__lo0bits
                0x000000000000aa38       0xb0 c:/intelfpga/17.1/nios2eds/bin/gnu/h-x86_64-mingw32/bin/../lib/gcc/nios2-elf/5.3.0/../../../../../H-x86_64-mingw32/nios2-elf/lib\libc.a(lib_a-mprec.o)
                0x000000000000aa38                __lo0bits
 .text.__i2b    0x000000000000aae8       0x3c c:/intelfpga/17.1/nios2eds/bin/gnu/h-x86_64-mingw32/bin/../lib/gcc/nios2-elf/5.3.0/../../../../../H-x86_64-mingw32/nios2-elf/lib\libc.a(lib_a-mprec.o)
                0x000000000000aae8                __i2b
 .text.__multiply
                0x000000000000ab24      0x1f8 c:/intelfpga/17.1/nios2eds/bin/gnu/h-x86_64-mingw32/bin/../lib/gcc/nios2-elf/5.3.0/../../../../../H-x86_64-mingw32/nios2-elf/lib\libc.a(lib_a-mprec.o)
                0x000000000000ab24                __multiply
 .text.__pow5mult
                0x000000000000ad1c      0x140 c:/intelfpga/17.1/nios2eds/bin/gnu/h-x86_64-mingw32/bin/../lib/gcc/nios2-elf/5.3.0/../../../../../H-x86_64-mingw32/nios2-elf/lib\libc.a(lib_a-mprec.o)
                0x000000000000ad1c                __pow5mult
 .text.__lshift
                0x000000000000ae5c      0x148 c:/intelfpga/17.1/nios2eds/bin/gnu/h-x86_64-mingw32/bin/../lib/gcc/nios2-elf/5.3.0/../../../../../H-x86_64-mingw32/nios2-elf/lib\libc.a(lib_a-mprec.o)
                0x000000000000ae5c                __lshift
 .text.__mcmp   0x000000000000afa4       0x60 c:/intelfpga/17.1/nios2eds/bin/gnu/h-x86_64-mingw32/bin/../lib/gcc/nios2-elf/5.3.0/../../../../../H-x86_64-mingw32/nios2-elf/lib\libc.a(lib_a-mprec.o)
                0x000000000000afa4                __mcmp
 .text.__mdiff  0x000000000000b004      0x1fc c:/intelfpga/17.1/nios2eds/bin/gnu/h-x86_64-mingw32/bin/../lib/gcc/nios2-elf/5.3.0/../../../../../H-x86_64-mingw32/nios2-elf/lib\libc.a(lib_a-mprec.o)
                0x000000000000b004                __mdiff
 .text.__ulp    0x000000000000b200       0x64 c:/intelfpga/17.1/nios2eds/bin/gnu/h-x86_64-mingw32/bin/../lib/gcc/nios2-elf/5.3.0/../../../../../H-x86_64-mingw32/nios2-elf/lib\libc.a(lib_a-mprec.o)
                0x000000000000b200                __ulp
 .text.__b2d    0x000000000000b264      0x10c c:/intelfpga/17.1/nios2eds/bin/gnu/h-x86_64-mingw32/bin/../lib/gcc/nios2-elf/5.3.0/../../../../../H-x86_64-mingw32/nios2-elf/lib\libc.a(lib_a-mprec.o)
                0x000000000000b264                __b2d
 .text.__d2b    0x000000000000b370      0x14c c:/intelfpga/17.1/nios2eds/bin/gnu/h-x86_64-mingw32/bin/../lib/gcc/nios2-elf/5.3.0/../../../../../H-x86_64-mingw32/nios2-elf/lib\libc.a(lib_a-mprec.o)
                0x000000000000b370                __d2b
 .text.__ratio  0x000000000000b4bc       0xa4 c:/intelfpga/17.1/nios2eds/bin/gnu/h-x86_64-mingw32/bin/../lib/gcc/nios2-elf/5.3.0/../../../../../H-x86_64-mingw32/nios2-elf/lib\libc.a(lib_a-mprec.o)
                0x000000000000b4bc                __ratio
 .text._mprec_log10
                0x000000000000b560       0x74 c:/intelfpga/17.1/nios2eds/bin/gnu/h-x86_64-mingw32/bin/../lib/gcc/nios2-elf/5.3.0/../../../../../H-x86_64-mingw32/nios2-elf/lib\libc.a(lib_a-mprec.o)
                0x000000000000b560                _mprec_log10
 .text.__copybits
                0x000000000000b5d4       0x78 c:/intelfpga/17.1/nios2eds/bin/gnu/h-x86_64-mingw32/bin/../lib/gcc/nios2-elf/5.3.0/../../../../../H-x86_64-mingw32/nios2-elf/lib\libc.a(lib_a-mprec.o)
                0x000000000000b5d4                __copybits
 .text.__any_on
                0x000000000000b64c       0x8c c:/intelfpga/17.1/nios2eds/bin/gnu/h-x86_64-mingw32/bin/../lib/gcc/nios2-elf/5.3.0/../../../../../H-x86_64-mingw32/nios2-elf/lib\libc.a(lib_a-mprec.o)
                0x000000000000b64c                __any_on
 .text          0x000000000000b6d8        0x0 c:/intelfpga/17.1/nios2eds/bin/gnu/h-x86_64-mingw32/bin/../lib/gcc/nios2-elf/5.3.0/../../../../../H-x86_64-mingw32/nios2-elf/lib\libc.a(lib_a-readr.o)
 .text._read_r  0x000000000000b6d8       0x60 c:/intelfpga/17.1/nios2eds/bin/gnu/h-x86_64-mingw32/bin/../lib/gcc/nios2-elf/5.3.0/../../../../../H-x86_64-mingw32/nios2-elf/lib\libc.a(lib_a-readr.o)
                0x000000000000b6d8                _read_r
 .text          0x000000000000b738        0x0 c:/intelfpga/17.1/nios2eds/bin/gnu/h-x86_64-mingw32/bin/../lib/gcc/nios2-elf/5.3.0/../../../../../H-x86_64-mingw32/nios2-elf/lib\libc.a(lib_a-reallocr.o)
 .text._realloc_r
                0x000000000000b738      0x564 c:/intelfpga/17.1/nios2eds/bin/gnu/h-x86_64-mingw32/bin/../lib/gcc/nios2-elf/5.3.0/../../../../../H-x86_64-mingw32/nios2-elf/lib\libc.a(lib_a-reallocr.o)
                0x000000000000b738                _realloc_r
 .text          0x000000000000bc9c        0x0 c:/intelfpga/17.1/nios2eds/bin/gnu/h-x86_64-mingw32/bin/../lib/gcc/nios2-elf/5.3.0/../../../../../H-x86_64-mingw32/nios2-elf/lib\libc.a(lib_a-s_fpclassify.o)
 .text.__fpclassifyd
                0x000000000000bc9c       0x74 c:/intelfpga/17.1/nios2eds/bin/gnu/h-x86_64-mingw32/bin/../lib/gcc/nios2-elf/5.3.0/../../../../../H-x86_64-mingw32/nios2-elf/lib\libc.a(lib_a-s_fpclassify.o)
                0x000000000000bc9c                __fpclassifyd
 .text          0x000000000000bd10        0x0 c:/intelfpga/17.1/nios2eds/bin/gnu/h-x86_64-mingw32/bin/../lib/gcc/nios2-elf/5.3.0/../../../../../H-x86_64-mingw32/nios2-elf/lib\libc.a(lib_a-strcmp.o)
 .text.strcmp   0x000000000000bd10       0xdc c:/intelfpga/17.1/nios2eds/bin/gnu/h-x86_64-mingw32/bin/../lib/gcc/nios2-elf/5.3.0/../../../../../H-x86_64-mingw32/nios2-elf/lib\libc.a(lib_a-strcmp.o)
                0x000000000000bd10                strcmp
 .text          0x000000000000bdec        0x0 c:/intelfpga/17.1/nios2eds/bin/gnu/h-x86_64-mingw32/bin/../lib/gcc/nios2-elf/5.3.0/../../../../../H-x86_64-mingw32/nios2-elf/lib\libc.a(lib_a-svfiprintf.o)
 .text.__ssprint_r
                0x000000000000bdec      0x1d0 c:/intelfpga/17.1/nios2eds/bin/gnu/h-x86_64-mingw32/bin/../lib/gcc/nios2-elf/5.3.0/../../../../../H-x86_64-mingw32/nios2-elf/lib\libc.a(lib_a-svfiprintf.o)
                0x000000000000bdec                __ssprint_r
 .text.___svfiprintf_internal_r
                0x000000000000bfbc     0x123c c:/intelfpga/17.1/nios2eds/bin/gnu/h-x86_64-mingw32/bin/../lib/gcc/nios2-elf/5.3.0/../../../../../H-x86_64-mingw32/nios2-elf/lib\libc.a(lib_a-svfiprintf.o)
                0x000000000000bfbc                ___svfiprintf_internal_r
 .text          0x000000000000d1f8        0x0 c:/intelfpga/17.1/nios2eds/bin/gnu/h-x86_64-mingw32/bin/../lib/gcc/nios2-elf/5.3.0/../../../../../H-x86_64-mingw32/nios2-elf/lib\libc.a(lib_a-vfiprintf.o)
 .text.__sprint_r.part.0
                0x000000000000d1f8       0xfc c:/intelfpga/17.1/nios2eds/bin/gnu/h-x86_64-mingw32/bin/../lib/gcc/nios2-elf/5.3.0/../../../../../H-x86_64-mingw32/nios2-elf/lib\libc.a(lib_a-vfiprintf.o)
 .text.__sprint_r
                0x000000000000d2f4       0x18 c:/intelfpga/17.1/nios2eds/bin/gnu/h-x86_64-mingw32/bin/../lib/gcc/nios2-elf/5.3.0/../../../../../H-x86_64-mingw32/nios2-elf/lib\libc.a(lib_a-vfiprintf.o)
                0x000000000000d2f4                __sprint_r
 .text.___vfiprintf_internal_r
                0x000000000000d30c     0x145c c:/intelfpga/17.1/nios2eds/bin/gnu/h-x86_64-mingw32/bin/../lib/gcc/nios2-elf/5.3.0/../../../../../H-x86_64-mingw32/nios2-elf/lib\libc.a(lib_a-vfiprintf.o)
                0x000000000000d30c                ___vfiprintf_internal_r
 .text.__vfiprintf_internal
                0x000000000000e768       0x1c c:/intelfpga/17.1/nios2eds/bin/gnu/h-x86_64-mingw32/bin/../lib/gcc/nios2-elf/5.3.0/../../../../../H-x86_64-mingw32/nios2-elf/lib\libc.a(lib_a-vfiprintf.o)
                0x000000000000e768                __vfiprintf_internal
 .text.__sbprintf
                0x000000000000e784       0xbc c:/intelfpga/17.1/nios2eds/bin/gnu/h-x86_64-mingw32/bin/../lib/gcc/nios2-elf/5.3.0/../../../../../H-x86_64-mingw32/nios2-elf/lib\libc.a(lib_a-vfiprintf.o)
 .text          0x000000000000e840        0x0 c:/intelfpga/17.1/nios2eds/bin/gnu/h-x86_64-mingw32/bin/../lib/gcc/nios2-elf/5.3.0/../../../../../H-x86_64-mingw32/nios2-elf/lib\libc.a(lib_a-callocr.o)
 .text._calloc_r
                0x000000000000e840       0xc4 c:/intelfpga/17.1/nios2eds/bin/gnu/h-x86_64-mingw32/bin/../lib/gcc/nios2-elf/5.3.0/../../../../../H-x86_64-mingw32/nios2-elf/lib\libc.a(lib_a-callocr.o)
                0x000000000000e840                _calloc_r
 .text          0x000000000000e904        0x0 c:/intelfpga/17.1/nios2eds/bin/gnu/h-x86_64-mingw32/bin/../lib/gcc/nios2-elf/5.3.0/../../../../../H-x86_64-mingw32/nios2-elf/lib\libc.a(lib_a-fputwc.o)
 .text.__fputwc
                0x000000000000e904      0x164 c:/intelfpga/17.1/nios2eds/bin/gnu/h-x86_64-mingw32/bin/../lib/gcc/nios2-elf/5.3.0/../../../../../H-x86_64-mingw32/nios2-elf/lib\libc.a(lib_a-fputwc.o)
                0x000000000000e904                __fputwc
 .text._fputwc_r
                0x000000000000ea68       0x24 c:/intelfpga/17.1/nios2eds/bin/gnu/h-x86_64-mingw32/bin/../lib/gcc/nios2-elf/5.3.0/../../../../../H-x86_64-mingw32/nios2-elf/lib\libc.a(lib_a-fputwc.o)
                0x000000000000ea68                _fputwc_r
 .text.fputwc   0x000000000000ea8c       0x80 c:/intelfpga/17.1/nios2eds/bin/gnu/h-x86_64-mingw32/bin/../lib/gcc/nios2-elf/5.3.0/../../../../../H-x86_64-mingw32/nios2-elf/lib\libc.a(lib_a-fputwc.o)
                0x000000000000ea8c                fputwc
 .text          0x000000000000eb0c        0x0 c:/intelfpga/17.1/nios2eds/bin/gnu/h-x86_64-mingw32/bin/../lib/gcc/nios2-elf/5.3.0/../../../../../H-x86_64-mingw32/nios2-elf/lib\libc.a(lib_a-wbuf.o)
 .text.__swbuf_r
                0x000000000000eb0c      0x140 c:/intelfpga/17.1/nios2eds/bin/gnu/h-x86_64-mingw32/bin/../lib/gcc/nios2-elf/5.3.0/../../../../../H-x86_64-mingw32/nios2-elf/lib\libc.a(lib_a-wbuf.o)
                0x000000000000eb0c                __swbuf_r
 .text.__swbuf  0x000000000000ec4c       0x18 c:/intelfpga/17.1/nios2eds/bin/gnu/h-x86_64-mingw32/bin/../lib/gcc/nios2-elf/5.3.0/../../../../../H-x86_64-mingw32/nios2-elf/lib\libc.a(lib_a-wbuf.o)
                0x000000000000ec4c                __swbuf
 .text          0x000000000000ec64        0x0 c:/intelfpga/17.1/nios2eds/bin/gnu/h-x86_64-mingw32/bin/../lib/gcc/nios2-elf/5.3.0/../../../../../H-x86_64-mingw32/nios2-elf/lib\libc.a(lib_a-wcrtomb.o)
 .text._wcrtomb_r
                0x000000000000ec64       0x9c c:/intelfpga/17.1/nios2eds/bin/gnu/h-x86_64-mingw32/bin/../lib/gcc/nios2-elf/5.3.0/../../../../../H-x86_64-mingw32/nios2-elf/lib\libc.a(lib_a-wcrtomb.o)
                0x000000000000ec64                _wcrtomb_r
 .text.wcrtomb  0x000000000000ed00       0xc0 c:/intelfpga/17.1/nios2eds/bin/gnu/h-x86_64-mingw32/bin/../lib/gcc/nios2-elf/5.3.0/../../../../../H-x86_64-mingw32/nios2-elf/lib\libc.a(lib_a-wcrtomb.o)
                0x000000000000ed00                wcrtomb
 .text          0x000000000000edc0        0x0 c:/intelfpga/17.1/nios2eds/bin/gnu/h-x86_64-mingw32/bin/../lib/gcc/nios2-elf/5.3.0/../../../../../H-x86_64-mingw32/nios2-elf/lib\libc.a(lib_a-wctomb_r.o)
 .text.__ascii_wctomb
                0x000000000000edc0       0x30 c:/intelfpga/17.1/nios2eds/bin/gnu/h-x86_64-mingw32/bin/../lib/gcc/nios2-elf/5.3.0/../../../../../H-x86_64-mingw32/nios2-elf/lib\libc.a(lib_a-wctomb_r.o)
                0x000000000000edc0                __ascii_wctomb
 .text._wctomb_r
                0x000000000000edf0       0x5c c:/intelfpga/17.1/nios2eds/bin/gnu/h-x86_64-mingw32/bin/../lib/gcc/nios2-elf/5.3.0/../../../../../H-x86_64-mingw32/nios2-elf/lib\libc.a(lib_a-wctomb_r.o)
                0x000000000000edf0                _wctomb_r
 .text          0x000000000000ee4c      0x578 c:/intelfpga/17.1/nios2eds/bin/gnu/h-x86_64-mingw32/bin/../lib/gcc/nios2-elf/5.3.0\libgcc.a(_udivdi3.o)
                0x000000000000ee4c                __udivdi3
 .text          0x000000000000f3c4      0x538 c:/intelfpga/17.1/nios2eds/bin/gnu/h-x86_64-mingw32/bin/../lib/gcc/nios2-elf/5.3.0\libgcc.a(_umoddi3.o)
                0x000000000000f3c4                __umoddi3
 .text          0x000000000000f8fc      0x1b4 c:/intelfpga/17.1/nios2eds/bin/gnu/h-x86_64-mingw32/bin/../lib/gcc/nios2-elf/5.3.0\libgcc.a(lib2-divmod.o)
                0x000000000000f8fc                __divsi3
                0x000000000000f980                __modsi3
                0x000000000000f9f4                __udivsi3
                0x000000000000fa58                __umodsi3
 .text          0x000000000000fab0      0x8ac c:/intelfpga/17.1/nios2eds/bin/gnu/h-x86_64-mingw32/bin/../lib/gcc/nios2-elf/5.3.0\libgcc.a(adddf3.o)
                0x000000000000fab0                __adddf3
 .text          0x000000000001035c      0x8e8 c:/intelfpga/17.1/nios2eds/bin/gnu/h-x86_64-mingw32/bin/../lib/gcc/nios2-elf/5.3.0\libgcc.a(divdf3.o)
                0x000000000001035c                __divdf3
 .text          0x0000000000010c44       0x88 c:/intelfpga/17.1/nios2eds/bin/gnu/h-x86_64-mingw32/bin/../lib/gcc/nios2-elf/5.3.0\libgcc.a(eqdf2.o)
                0x0000000000010c44                __nedf2
                0x0000000000010c44                __eqdf2
 .text          0x0000000000010ccc       0xdc c:/intelfpga/17.1/nios2eds/bin/gnu/h-x86_64-mingw32/bin/../lib/gcc/nios2-elf/5.3.0\libgcc.a(gedf2.o)
                0x0000000000010ccc                __gedf2
                0x0000000000010ccc                __gtdf2
 .text          0x0000000000010da8       0xf4 c:/intelfpga/17.1/nios2eds/bin/gnu/h-x86_64-mingw32/bin/../lib/gcc/nios2-elf/5.3.0\libgcc.a(ledf2.o)
                0x0000000000010da8                __ledf2
                0x0000000000010da8                __ltdf2
 .text          0x0000000000010e9c      0x718 c:/intelfpga/17.1/nios2eds/bin/gnu/h-x86_64-mingw32/bin/../lib/gcc/nios2-elf/5.3.0\libgcc.a(muldf3.o)
                0x0000000000010e9c                __muldf3
 .text          0x00000000000115b4      0x8fc c:/intelfpga/17.1/nios2eds/bin/gnu/h-x86_64-mingw32/bin/../lib/gcc/nios2-elf/5.3.0\libgcc.a(subdf3.o)
                0x00000000000115b4                __subdf3
 .text          0x0000000000011eb0       0x80 c:/intelfpga/17.1/nios2eds/bin/gnu/h-x86_64-mingw32/bin/../lib/gcc/nios2-elf/5.3.0\libgcc.a(fixdfsi.o)
                0x0000000000011eb0                __fixdfsi
 .text          0x0000000000011f30       0xdc c:/intelfpga/17.1/nios2eds/bin/gnu/h-x86_64-mingw32/bin/../lib/gcc/nios2-elf/5.3.0\libgcc.a(floatsidf.o)
                0x0000000000011f30                __floatsidf
 .text          0x000000000001200c       0xa8 c:/intelfpga/17.1/nios2eds/bin/gnu/h-x86_64-mingw32/bin/../lib/gcc/nios2-elf/5.3.0\libgcc.a(floatunsidf.o)
                0x000000000001200c                __floatunsidf
 .text          0x00000000000120b4        0x0 c:/intelfpga/17.1/nios2eds/bin/gnu/h-x86_64-mingw32/bin/../lib/gcc/nios2-elf/5.3.0\libgcc.a(_clz.o)
 .text          0x00000000000120b4       0x64 c:/intelfpga/17.1/nios2eds/bin/gnu/h-x86_64-mingw32/bin/../lib/gcc/nios2-elf/5.3.0\libgcc.a(_clzsi2.o)
                0x00000000000120b4                __clzsi2
 .text          0x0000000000012118      0x10c ../chromaKeyRTOS_bsp/\libucosii_bsp.a(alt_close.o)
                0x0000000000012154                close
 .text          0x0000000000012224       0x2c ../chromaKeyRTOS_bsp/\libucosii_bsp.a(alt_dev.o)
 .text          0x0000000000012250        0x0 ../chromaKeyRTOS_bsp/\libucosii_bsp.a(alt_errno.o)
 .text          0x0000000000012250       0x34 ../chromaKeyRTOS_bsp/\libucosii_bsp.a(alt_exit.o)
                0x0000000000012250                _exit
 .text          0x0000000000012284       0xec ../chromaKeyRTOS_bsp/\libucosii_bsp.a(alt_fstat.o)
                0x00000000000122c0                fstat
 .text          0x0000000000012370      0x180 ../chromaKeyRTOS_bsp/\libucosii_bsp.a(alt_irq_register.o)
                0x0000000000012370                alt_irq_register
 .text          0x00000000000124f0        0x0 ../chromaKeyRTOS_bsp/\libucosii_bsp.a(alt_irq_vars.o)
 .text          0x00000000000124f0       0xe0 ../chromaKeyRTOS_bsp/\libucosii_bsp.a(alt_isatty.o)
                0x000000000001252c                isatty
 .text          0x00000000000125d0       0xec ../chromaKeyRTOS_bsp/\libucosii_bsp.a(alt_load.o)
                0x0000000000012638                alt_load
 .text          0x00000000000126bc      0x110 ../chromaKeyRTOS_bsp/\libucosii_bsp.a(alt_lseek.o)
                0x00000000000126f8                lseek
 .text          0x00000000000127cc       0xbc ../chromaKeyRTOS_bsp/\libucosii_bsp.a(alt_main.o)
                0x00000000000127cc                alt_main
 .text          0x0000000000012888      0x254 ../chromaKeyRTOS_bsp/\libucosii_bsp.a(alt_open.o)
                0x0000000000012988                open
 .text          0x0000000000012adc      0x138 ../chromaKeyRTOS_bsp/\libucosii_bsp.a(alt_read.o)
                0x0000000000012b18                read
 .text          0x0000000000012c14       0x64 ../chromaKeyRTOS_bsp/\libucosii_bsp.a(alt_release_fd.o)
                0x0000000000012c14                alt_release_fd
 .text          0x0000000000012c78       0xb0 ../chromaKeyRTOS_bsp/\libucosii_bsp.a(alt_sbrk.o)
                0x0000000000012c78                sbrk
 .text          0x0000000000012d28      0x134 ../chromaKeyRTOS_bsp/\libucosii_bsp.a(alt_write.o)
                0x0000000000012d64                write
 .text          0x0000000000012e5c      0x124 ../chromaKeyRTOS_bsp/\libucosii_bsp.a(alt_env_lock.o)
                0x0000000000012e5c                __env_lock
                0x0000000000012f20                __env_unlock
 .text          0x0000000000012f80      0x1ec ../chromaKeyRTOS_bsp/\libucosii_bsp.a(alt_malloc_lock.o)
                0x0000000000012f80                __malloc_lock
                0x00000000000130a0                __malloc_unlock
 .text          0x000000000001316c     0x2014 ../chromaKeyRTOS_bsp/\libucosii_bsp.a(os_core.o)
                0x000000000001316c                OSEventNameGet
                0x000000000001328c                OSEventNameSet
                0x00000000000133cc                OSEventPendMulti
                0x00000000000139dc                OSInit
                0x0000000000013a34                OSIntEnter
                0x0000000000013a80                OSIntExit
                0x0000000000013b78                OSSchedLock
                0x0000000000013c04                OSSchedUnlock
                0x0000000000013ce0                OSStart
                0x0000000000013d50                OSStatInit
                0x0000000000013e00                OSTimeTick
                0x0000000000014020                OSVersion
                0x0000000000014040                OS_Dummy
                0x0000000000014060                OS_EventTaskRdy
                0x00000000000141f8                OS_EventTaskWait
                0x0000000000014308                OS_EventTaskWaitMulti
                0x0000000000014458                OS_EventTaskRemove
                0x0000000000014510                OS_EventTaskRemoveMulti
                0x0000000000014610                OS_EventWaitListInit
                0x00000000000149f0                OS_MemClr
                0x0000000000014a44                OS_MemCopy
                0x0000000000014aac                OS_Sched
                0x0000000000014bf0                OS_StrCopy
                0x0000000000014c64                OS_StrLen
                0x0000000000014cb8                OS_TaskIdle
                0x0000000000014d14                OS_TaskStat
                0x0000000000014de0                OS_TaskStatStkChk
                0x0000000000014eac                OS_TCBInit
 .text          0x0000000000015180      0x190 ../chromaKeyRTOS_bsp/\libucosii_bsp.a(os_dbg.o)
                0x0000000000015180                OSDebugInit
 .text          0x0000000000015310     0x1714 ../chromaKeyRTOS_bsp/\libucosii_bsp.a(os_flag.o)
                0x0000000000015310                OSFlagAccept
                0x0000000000015618                OSFlagCreate
                0x0000000000015720                OSFlagDel
                0x0000000000015968                OSFlagNameGet
                0x0000000000015a90                OSFlagNameSet
                0x0000000000015bdc                OSFlagPend
                0x0000000000016194                OSFlagPendGetFlagsRdy
                0x00000000000161f4                OSFlagPost
                0x0000000000016588                OSFlagQuery
                0x00000000000167ac                OS_FlagInit
                0x0000000000016980                OS_FlagUnlink
 .text          0x0000000000016a24      0x754 ../chromaKeyRTOS_bsp/\libucosii_bsp.a(os_mem.o)
                0x0000000000016a24                OSMemCreate
                0x0000000000016bf8                OSMemGet
                0x0000000000016ce8                OSMemNameGet
                0x0000000000016dd8                OSMemNameSet
                0x0000000000016eec                OSMemPut
                0x0000000000016fc4                OSMemQuery
                0x00000000000170ac                OS_MemInit
 .text          0x0000000000017178     0x1118 ../chromaKeyRTOS_bsp/\libucosii_bsp.a(os_mutex.o)
                0x0000000000017178                OSMutexAccept
                0x000000000001731c                OSMutexCreate
                0x00000000000174e4                OSMutexDel
                0x00000000000177e0                OSMutexPend
                0x0000000000017d7c                OSMutexPost
                0x0000000000017f94                OSMutexQuery
 .text          0x0000000000018290     0x1104 ../chromaKeyRTOS_bsp/\libucosii_bsp.a(os_q.o)
                0x0000000000018290                OSQAccept
                0x00000000000183d0                OSQCreate
                0x000000000001857c                OSQDel
                0x00000000000187fc                OSQFlush
                0x00000000000188b4                OSQPend
                0x0000000000018b40                OSQPendAbort
                0x0000000000018cac                OSQPost
                0x0000000000018e14                OSQPostFront
                0x0000000000018f84                OSQPostOpt
                0x0000000000019190                OSQQuery
                0x00000000000192ec                OS_QInit
 .text          0x0000000000019394      0xa60 ../chromaKeyRTOS_bsp/\libucosii_bsp.a(os_sem.o)
                0x0000000000019394                OSSemAccept
                0x0000000000019444                OSSemCreate
                0x000000000001951c                OSSemDel
                0x000000000001975c                OSSemPend
                0x0000000000019968                OSSemPendAbort
                0x0000000000019ad4                OSSemPost
                0x0000000000019be4                OSSemQuery
                0x0000000000019cf4                OSSemSet
 .text          0x0000000000019df4     0x176c ../chromaKeyRTOS_bsp/\libucosii_bsp.a(os_task.o)
                0x0000000000019df4                OSTaskChangePrio
                0x000000000001a2e4                OSTaskCreate
                0x000000000001a490                OSTaskCreateExt
                0x000000000001a674                OSTaskDel
                0x000000000001a9b8                OSTaskDelReq
                0x000000000001ab08                OSTaskNameGet
                0x000000000001aca0                OSTaskNameSet
                0x000000000001ae54                OSTaskResume
                0x000000000001b028                OSTaskStkChk
                0x000000000001b1e8                OSTaskSuspend
                0x000000000001b3cc                OSTaskQuery
                0x000000000001b4f0                OS_TaskStkClr
 .text          0x000000000001b560      0x4e8 ../chromaKeyRTOS_bsp/\libucosii_bsp.a(os_time.o)
                0x000000000001b560                OSTimeDly
                0x000000000001b664                OSTimeDlyHMSM
                0x000000000001b7b8                OSTimeDlyResume
                0x000000000001b98c                OSTimeGet
                0x000000000001b9e8                OSTimeSet
 .text          0x000000000001ba48      0x45c ../chromaKeyRTOS_bsp/\libucosii_bsp.a(alt_sys_init.o)
                0x000000000001ba7c                alt_irq_init
                0x000000000001bab4                alt_sys_init
 .text          0x000000000001bea4      0x898 ../chromaKeyRTOS_bsp/\libucosii_bsp.a(altera_avalon_cfi_flash.o)
                0x000000000001bed8                alt_flash_cfi_init
                0x000000000001bf68                alt_flash_cfi_write
                0x000000000001c210                alt_flash_cfi_get_info
                0x000000000001c29c                alt_flash_cfi_read
                0x000000000001c300                alt_write_value_to_flash
                0x000000000001c45c                alt_flash_program_block
 .text          0x000000000001c73c     0x1448 ../chromaKeyRTOS_bsp/\libucosii_bsp.a(altera_avalon_cfi_flash_table.o)
                0x000000000001c73c                alt_read_query_entry_8bit
                0x000000000001c778                alt_read_query_entry_16bit
                0x000000000001c7b8                alt_read_query_entry_32bit
                0x000000000001c7f8                alt_write_flash_command_8bit_device_8bit_mode
                0x000000000001c83c                alt_write_flash_command_16bit_device_8bit_mode
                0x000000000001c8b4                alt_write_flash_command_32bit_device_8bit_mode
                0x000000000001c904                alt_write_flash_command_16bit_device_16bit_mode
                0x000000000001c950                alt_write_flash_command_32bit_device_16bit_mode
                0x000000000001c9a0                alt_write_flash_command_32bit_device_32bit_mode
                0x000000000001c9f0                alt_write_native_8bit
                0x000000000001ca28                alt_write_native_16bit
                0x000000000001ca60                alt_write_native_32bit
                0x000000000001ca94                alt_set_flash_width_func
                0x000000000001cc58                alt_set_flash_algorithm_func
                0x000000000001cd74                alt_read_cfi_table
                0x000000000001d33c                alt_read_cfi_width
                0x000000000001daac                alt_check_primary_table
 .text          0x000000000001db84      0x164 ../chromaKeyRTOS_bsp/\libucosii_bsp.a(altera_avalon_jtag_uart_fd.o)
                0x000000000001db84                altera_avalon_jtag_uart_read_fd
                0x000000000001dbe4                altera_avalon_jtag_uart_write_fd
                0x000000000001dc44                altera_avalon_jtag_uart_close_fd
                0x000000000001dc94                altera_avalon_jtag_uart_ioctl_fd
 .text          0x000000000001dce8      0x550 ../chromaKeyRTOS_bsp/\libucosii_bsp.a(altera_avalon_jtag_uart_init.o)
                0x000000000001dce8                altera_avalon_jtag_uart_init
                0x000000000001e1d0                altera_avalon_jtag_uart_close
 .text          0x000000000001e238       0xf0 ../chromaKeyRTOS_bsp/\libucosii_bsp.a(altera_avalon_jtag_uart_ioctl.o)
                0x000000000001e238                altera_avalon_jtag_uart_ioctl
 .text          0x000000000001e328      0x2bc ../chromaKeyRTOS_bsp/\libucosii_bsp.a(altera_avalon_jtag_uart_read.o)
                0x000000000001e328                altera_avalon_jtag_uart_read
 .text          0x000000000001e5e4      0x2c4 ../chromaKeyRTOS_bsp/\libucosii_bsp.a(altera_avalon_jtag_uart_write.o)
                0x000000000001e5e4                altera_avalon_jtag_uart_write
 .text          0x000000000001e8a8       0xf0 ../chromaKeyRTOS_bsp/\libucosii_bsp.a(altera_avalon_timer_sc.o)
                0x000000000001e924                alt_avalon_timer_sc_init
 .text          0x000000000001e998      0xb9c ../chromaKeyRTOS_bsp/\libucosii_bsp.a(altera_ro_zipfs.o)
                0x000000000001ec18                check_directory_header
                0x000000000001f1b0                alt_ro_zipfs_open
                0x000000000001f240                alt_ro_zipfs_read
                0x000000000001f328                alt_ro_zipfs_seek
                0x000000000001f464                alt_ro_zipfs_fstat
                0x000000000001f4dc                alt_ro_zipfs_check_valid
 .text          0x000000000001f534      0x4f4 ../chromaKeyRTOS_bsp/\libucosii_bsp.a(altera_up_avalon_character_lcd.o)
                0x000000000001f534                get_DDRAM_addr
                0x000000000001f5a8                alt_up_character_lcd_send_cmd
                0x000000000001f5e8                alt_up_character_lcd_init
                0x000000000001f620                alt_up_character_lcd_open_dev
                0x000000000001f65c                alt_up_character_lcd_write
                0x000000000001f6d8                alt_up_character_lcd_string
                0x000000000001f750                alt_up_character_lcd_write_fd
                0x000000000001f7a0                alt_up_character_lcd_set_cursor_pos
                0x000000000001f814                alt_up_character_lcd_shift_cursor
                0x000000000001f8a0                alt_up_character_lcd_shift_display
                0x000000000001f92c                alt_up_character_lcd_erase_pos
                0x000000000001f9b8                alt_up_character_lcd_cursor_off
                0x000000000001f9f0                alt_up_character_lcd_cursor_blink_on
 .text          0x000000000001fa28      0x6b0 ../chromaKeyRTOS_bsp/\libucosii_bsp.a(altera_up_avalon_ps2.o)
                0x000000000001fa28                read_RI_bit
                0x000000000001fa5c                read_RE_bit
                0x000000000001fa8c                read_CE_bit
                0x000000000001fac0                read_num_bytes_available
                0x000000000001faf0                read_data_valid
                0x000000000001fb24                read_data_byte
                0x000000000001fb50                alt_up_ps2_init
                0x000000000001fc18                alt_up_ps2_enable_read_interrupt
                0x000000000001fc74                alt_up_ps2_disable_read_interrupt
                0x000000000001fcd4                alt_up_ps2_write_data_byte
                0x000000000001fd48                alt_up_ps2_wait_for_ack
                0x000000000001fdb0                alt_up_ps2_write_data_byte_with_ack
                0x000000000001fe14                alt_up_ps2_read_data_byte_timeout
                0x000000000001feb0                alt_up_ps2_read_data_byte
                0x000000000001ff20                alt_up_ps2_clear_fifo
                0x000000000001ff78                alt_up_ps2_read_fd
                0x0000000000020004                alt_up_ps2_write_fd
                0x000000000002009c                alt_up_ps2_open_dev
 .text          0x00000000000200d8      0x390 ../chromaKeyRTOS_bsp/\libucosii_bsp.a(altera_up_avalon_rs232.o)
                0x00000000000200d8                alt_up_rs232_enable_read_interrupt
                0x0000000000020134                alt_up_rs232_disable_read_interrupt
                0x0000000000020194                alt_up_rs232_get_used_space_in_read_FIFO
                0x00000000000201d4                alt_up_rs232_get_available_space_in_write_FIFO
                0x0000000000020210                alt_up_rs232_check_parity
                0x0000000000020254                alt_up_rs232_write_data
                0x0000000000020294                alt_up_rs232_read_data
                0x0000000000020308                alt_up_rs232_read_fd
                0x0000000000020398                alt_up_rs232_write_fd
                0x000000000002042c                alt_up_rs232_open_dev
 .text          0x0000000000020468      0x2e0 ../chromaKeyRTOS_bsp/\libucosii_bsp.a(altera_up_avalon_video_character_buffer_with_dma.o)
                0x0000000000020468                alt_up_char_buffer_init
                0x00000000000204e8                alt_up_char_buffer_open_dev
                0x0000000000020524                alt_up_char_buffer_draw
                0x00000000000205f0                alt_up_char_buffer_string
                0x00000000000206ec                alt_up_char_buffer_clear
 .text          0x0000000000020748      0x12c ../chromaKeyRTOS_bsp/\libucosii_bsp.a(alt_alarm_start.o)
                0x0000000000020748                alt_alarm_start
 .text          0x0000000000020874       0x78 ../chromaKeyRTOS_bsp/\libucosii_bsp.a(alt_dcache_flush.o)
                0x0000000000020874                alt_dcache_flush
 .text          0x00000000000208ec       0x48 ../chromaKeyRTOS_bsp/\libucosii_bsp.a(alt_dcache_flush_all.o)
                0x00000000000208ec                alt_dcache_flush_all
 .text          0x0000000000020934       0xe0 ../chromaKeyRTOS_bsp/\libucosii_bsp.a(alt_dev_llist_insert.o)
                0x0000000000020970                alt_dev_llist_insert
 .text          0x0000000000020a14       0x60 ../chromaKeyRTOS_bsp/\libucosii_bsp.a(alt_do_ctors.o)
                0x0000000000020a14                _do_ctors
 .text          0x0000000000020a74       0x60 ../chromaKeyRTOS_bsp/\libucosii_bsp.a(alt_do_dtors.o)
                0x0000000000020a74                _do_dtors
 .text          0x0000000000020ad4       0x90 ../chromaKeyRTOS_bsp/\libucosii_bsp.a(alt_find_dev.o)
                0x0000000000020ad4                alt_find_dev
 .text          0x0000000000020b64      0x108 ../chromaKeyRTOS_bsp/\libucosii_bsp.a(alt_find_file.o)
                0x0000000000020b64                alt_find_file
 .text          0x0000000000020c6c       0xbc ../chromaKeyRTOS_bsp/\libucosii_bsp.a(alt_flash_dev.o)
                0x0000000000020c6c                alt_flash_open_dev
                0x0000000000020cd4                alt_flash_close_dev
 .text          0x0000000000020d28       0x80 ../chromaKeyRTOS_bsp/\libucosii_bsp.a(alt_fs_reg.o)
                0x0000000000020d28                alt_fs_reg
 .text          0x0000000000020da8       0xdc ../chromaKeyRTOS_bsp/\libucosii_bsp.a(alt_get_fd.o)
                0x0000000000020da8                alt_get_fd
 .text          0x0000000000020e84       0x34 ../chromaKeyRTOS_bsp/\libucosii_bsp.a(alt_icache_flush_all.o)
                0x0000000000020e84                alt_icache_flush_all
 .text          0x0000000000020eb8      0x140 ../chromaKeyRTOS_bsp/\libucosii_bsp.a(alt_io_redirect.o)
                0x0000000000020f7c                alt_io_redirect
 .text          0x0000000000020ff8        0x0 ../chromaKeyRTOS_bsp/\libucosii_bsp.a(alt_irq_entry.o)
 .text          0x0000000000020ff8        0x0 ../chromaKeyRTOS_bsp/\libucosii_bsp.a(alt_irq_handler.o)
 .text          0x0000000000020ff8      0x1a4 ../chromaKeyRTOS_bsp/\libucosii_bsp.a(alt_tick.o)
                0x0000000000020ff8                alt_alarm_stop
                0x0000000000021094                alt_tick
 .text          0x000000000002119c       0x24 ../chromaKeyRTOS_bsp/\libucosii_bsp.a(altera_nios2_gen2_irq.o)
                0x000000000002119c                altera_nios2_gen2_irq_init
 .text          0x00000000000211c0       0xd0 ../chromaKeyRTOS_bsp/\libucosii_bsp.a(os_cpu_a.o)
                0x00000000000211c0                OSCtxSw
                0x00000000000211c0                OSIntCtxSw
                0x000000000002124c                OSStartHighRdy
                0x000000000002126c                OSStartTsk
 .text          0x0000000000021290      0x288 ../chromaKeyRTOS_bsp/\libucosii_bsp.a(os_cpu_c.o)
                0x0000000000021290                OSTaskStkInit
                0x00000000000213ec                OSTaskCreateHook
                0x0000000000021410                OSTaskDelHook
                0x0000000000021434                OSTaskSwHook
                0x0000000000021454                OSTaskStatHook
                0x0000000000021474                OSTimeTickHook
                0x0000000000021494                OSInitHookBegin
                0x00000000000214b4                OSInitHookEnd
                0x00000000000214d4                OSTaskIdleHook
                0x00000000000214f4                OSTCBInitHook
 .text          0x0000000000021518      0x460 ../chromaKeyRTOS_bsp/\libucosii_bsp.a(altera_avalon_cfi_flash_amd.o)
                0x0000000000021518                alt_program_amd
                0x0000000000021580                alt_erase_block_amd
 .text          0x0000000000021978      0x45c ../chromaKeyRTOS_bsp/\libucosii_bsp.a(altera_avalon_cfi_flash_intel.o)
                0x0000000000021978                alt_program_intel
                0x00000000000219f8                alt_erase_block_intel
 .text          0x0000000000021dd4        0x0 ../chromaKeyRTOS_bsp/\libucosii_bsp.a(alt_exception_entry.o)
 .text          0x0000000000021dd4       0x90 ../chromaKeyRTOS_bsp/\libucosii_bsp.a(alt_icache_flush.o)
                0x0000000000021dd4                alt_icache_flush
 .text          0x0000000000021e64       0x9c ../chromaKeyRTOS_bsp/\libucosii_bsp.a(alt_instruction_exception_entry.o)
                0x0000000000021e64                alt_exception_cause_generated_bad_addr
 .text          0x0000000000021f00      0x114 ../chromaKeyRTOS_bsp/\libucosii_bsp.a(alt_usleep.o)
                0x0000000000021f00                usleep
 .text          0x0000000000022014      0x158 ../chromaKeyRTOS_bsp/\libucosii_bsp.a(alt_busy_sleep.o)
                0x0000000000022014                alt_busy_sleep
 .text          0x000000000002216c        0x0 c:/intelfpga/17.1/nios2eds/bin/gnu/h-x86_64-mingw32/bin/../lib/gcc/nios2-elf/5.3.0/../../../../../H-x86_64-mingw32/nios2-elf/lib\libc.a(lib_a-atexit.o)
 .text.atexit   0x000000000002216c       0x14 c:/intelfpga/17.1/nios2eds/bin/gnu/h-x86_64-mingw32/bin/../lib/gcc/nios2-elf/5.3.0/../../../../../H-x86_64-mingw32/nios2-elf/lib\libc.a(lib_a-atexit.o)
                0x000000000002216c                atexit
 .text          0x0000000000022180        0x0 c:/intelfpga/17.1/nios2eds/bin/gnu/h-x86_64-mingw32/bin/../lib/gcc/nios2-elf/5.3.0/../../../../../H-x86_64-mingw32/nios2-elf/lib\libc.a(lib_a-memcmp.o)
 .text.memcmp   0x0000000000022180       0x7c c:/intelfpga/17.1/nios2eds/bin/gnu/h-x86_64-mingw32/bin/../lib/gcc/nios2-elf/5.3.0/../../../../../H-x86_64-mingw32/nios2-elf/lib\libc.a(lib_a-memcmp.o)
                0x0000000000022180                memcmp
 .text          0x00000000000221fc        0x0 c:/intelfpga/17.1/nios2eds/bin/gnu/h-x86_64-mingw32/bin/../lib/gcc/nios2-elf/5.3.0/../../../../../H-x86_64-mingw32/nios2-elf/lib\libc.a(lib_a-strncmp.o)
 .text.strncmp  0x00000000000221fc       0xd0 c:/intelfpga/17.1/nios2eds/bin/gnu/h-x86_64-mingw32/bin/../lib/gcc/nios2-elf/5.3.0/../../../../../H-x86_64-mingw32/nios2-elf/lib\libc.a(lib_a-strncmp.o)
                0x00000000000221fc                strncmp
 .text          0x00000000000222cc        0x0 c:/intelfpga/17.1/nios2eds/bin/gnu/h-x86_64-mingw32/bin/../lib/gcc/nios2-elf/5.3.0/../../../../../H-x86_64-mingw32/nios2-elf/lib\libc.a(lib_a-__atexit.o)
 .text.__register_exitproc
                0x00000000000222cc      0x118 c:/intelfpga/17.1/nios2eds/bin/gnu/h-x86_64-mingw32/bin/../lib/gcc/nios2-elf/5.3.0/../../../../../H-x86_64-mingw32/nios2-elf/lib\libc.a(lib_a-__atexit.o)
                0x00000000000222cc                __register_exitproc
 *(.gnu.warning.*)
 *(.fini)
                [!provide]                        PROVIDE (__etext, ABSOLUTE (.))
                [!provide]                        PROVIDE (_etext, ABSOLUTE (.))
                [!provide]                        PROVIDE (etext, ABSOLUTE (.))
 *(.eh_frame_hdr)
                0x00000000000223e4                . = ALIGN (0x4)
                [!provide]                        PROVIDE (__preinit_array_start, ABSOLUTE (.))
 *(.preinit_array)
                [!provide]                        PROVIDE (__preinit_array_end, ABSOLUTE (.))
                [!provide]                        PROVIDE (__init_array_start, ABSOLUTE (.))
 *(.init_array)
                [!provide]                        PROVIDE (__init_array_end, ABSOLUTE (.))
                [!provide]                        PROVIDE (__fini_array_start, ABSOLUTE (.))
 *(.fini_array)
                [!provide]                        PROVIDE (__fini_array_end, ABSOLUTE (.))
 *(.eh_frame)
 *(.gcc_except_table .gcc_except_table.*)
 *(.dynamic)
                0x00000000000223e4                PROVIDE (__CTOR_LIST__, ABSOLUTE (.))
 *(.ctors)
 *(SORT(.ctors.*))
                0x00000000000223e4                PROVIDE (__CTOR_END__, ABSOLUTE (.))
                0x00000000000223e4                PROVIDE (__DTOR_LIST__, ABSOLUTE (.))
 *(.dtors)
 *(SORT(.dtors.*))
                0x00000000000223e4                PROVIDE (__DTOR_END__, ABSOLUTE (.))
 *(.jcr)
                0x00000000000223e4                . = ALIGN (0x4)

.rodata         0x00000000000223e4      0x99c
                0x00000000000223e4                PROVIDE (__ram_rodata_start, ABSOLUTE (.))
                0x00000000000223e4                . = ALIGN (0x4)
 *(.rodata .rodata.* .gnu.linkonce.r.*)
 .rodata        0x00000000000223e4      0x375 obj/default/BaseSw/src/alt_ucosii_simple_error_check.o
 *fill*         0x0000000000022759        0x3 
 .rodata        0x000000000002275c       0x4d obj/default/BaseSw/src/functions.o
 *fill*         0x00000000000227a9        0x3 
 .rodata        0x00000000000227ac        0xd obj/default/BaseSw/src/lcd.o
 *fill*         0x00000000000227b9        0x3 
 .rodata.str1.4
                0x00000000000227bc        0x2 c:/intelfpga/17.1/nios2eds/bin/gnu/h-x86_64-mingw32/bin/../lib/gcc/nios2-elf/5.3.0/../../../../../H-x86_64-mingw32/nios2-elf/lib\libc.a(lib_a-impure.o)
 *fill*         0x00000000000227be        0x2 
 .rodata.str1.4
                0x00000000000227c0        0x2 c:/intelfpga/17.1/nios2eds/bin/gnu/h-x86_64-mingw32/bin/../lib/gcc/nios2-elf/5.3.0/../../../../../H-x86_64-mingw32/nios2-elf/lib\libc.a(lib_a-puts.o)
 *fill*         0x00000000000227c2        0x2 
 .rodata.str1.4
                0x00000000000227c4       0x42 c:/intelfpga/17.1/nios2eds/bin/gnu/h-x86_64-mingw32/bin/../lib/gcc/nios2-elf/5.3.0/../../../../../H-x86_64-mingw32/nios2-elf/lib\libc.a(lib_a-svfprintf.o)
 .rodata.zeroes.4389
                0x0000000000022806       0x10 c:/intelfpga/17.1/nios2eds/bin/gnu/h-x86_64-mingw32/bin/../lib/gcc/nios2-elf/5.3.0/../../../../../H-x86_64-mingw32/nios2-elf/lib\libc.a(lib_a-svfprintf.o)
 .rodata.blanks.4388
                0x0000000000022816       0x10 c:/intelfpga/17.1/nios2eds/bin/gnu/h-x86_64-mingw32/bin/../lib/gcc/nios2-elf/5.3.0/../../../../../H-x86_64-mingw32/nios2-elf/lib\libc.a(lib_a-svfprintf.o)
 .rodata.str1.4
                0x0000000000022826       0x42 c:/intelfpga/17.1/nios2eds/bin/gnu/h-x86_64-mingw32/bin/../lib/gcc/nios2-elf/5.3.0/../../../../../H-x86_64-mingw32/nios2-elf/lib\libc.a(lib_a-vfprintf.o)
 .rodata.zeroes.4404
                0x0000000000022826       0x10 c:/intelfpga/17.1/nios2eds/bin/gnu/h-x86_64-mingw32/bin/../lib/gcc/nios2-elf/5.3.0/../../../../../H-x86_64-mingw32/nios2-elf/lib\libc.a(lib_a-vfprintf.o)
 .rodata.blanks.4403
                0x0000000000022836       0x10 c:/intelfpga/17.1/nios2eds/bin/gnu/h-x86_64-mingw32/bin/../lib/gcc/nios2-elf/5.3.0/../../../../../H-x86_64-mingw32/nios2-elf/lib\libc.a(lib_a-vfprintf.o)
 *fill*         0x0000000000022846        0x2 
 .rodata.str1.4
                0x0000000000022848       0x10 c:/intelfpga/17.1/nios2eds/bin/gnu/h-x86_64-mingw32/bin/../lib/gcc/nios2-elf/5.3.0/../../../../../H-x86_64-mingw32/nios2-elf/lib\libc.a(lib_a-dtoa.o)
                                         0x12 (size before relaxing)
 .rodata.str1.4
                0x0000000000022858        0xc c:/intelfpga/17.1/nios2eds/bin/gnu/h-x86_64-mingw32/bin/../lib/gcc/nios2-elf/5.3.0/../../../../../H-x86_64-mingw32/nios2-elf/lib\libc.a(lib_a-locale.o)
                                         0x12 (size before relaxing)
 .rodata.p05.2768
                0x0000000000022864        0xc c:/intelfpga/17.1/nios2eds/bin/gnu/h-x86_64-mingw32/bin/../lib/gcc/nios2-elf/5.3.0/../../../../../H-x86_64-mingw32/nios2-elf/lib\libc.a(lib_a-mprec.o)
 .rodata.__mprec_tinytens
                0x0000000000022870       0x28 c:/intelfpga/17.1/nios2eds/bin/gnu/h-x86_64-mingw32/bin/../lib/gcc/nios2-elf/5.3.0/../../../../../H-x86_64-mingw32/nios2-elf/lib\libc.a(lib_a-mprec.o)
                0x0000000000022870                __mprec_tinytens
 .rodata.__mprec_bigtens
                0x0000000000022898       0x28 c:/intelfpga/17.1/nios2eds/bin/gnu/h-x86_64-mingw32/bin/../lib/gcc/nios2-elf/5.3.0/../../../../../H-x86_64-mingw32/nios2-elf/lib\libc.a(lib_a-mprec.o)
                0x0000000000022898                __mprec_bigtens
 .rodata.__mprec_tens
                0x00000000000228c0       0xc8 c:/intelfpga/17.1/nios2eds/bin/gnu/h-x86_64-mingw32/bin/../lib/gcc/nios2-elf/5.3.0/../../../../../H-x86_64-mingw32/nios2-elf/lib\libc.a(lib_a-mprec.o)
                0x00000000000228c0                __mprec_tens
 .rodata.str1.4
                0x0000000000022988       0x2f c:/intelfpga/17.1/nios2eds/bin/gnu/h-x86_64-mingw32/bin/../lib/gcc/nios2-elf/5.3.0/../../../../../H-x86_64-mingw32/nios2-elf/lib\libc.a(lib_a-svfiprintf.o)
 .rodata.zeroes.4333
                0x0000000000022988       0x10 c:/intelfpga/17.1/nios2eds/bin/gnu/h-x86_64-mingw32/bin/../lib/gcc/nios2-elf/5.3.0/../../../../../H-x86_64-mingw32/nios2-elf/lib\libc.a(lib_a-svfiprintf.o)
 .rodata.blanks.4332
                0x0000000000022998       0x10 c:/intelfpga/17.1/nios2eds/bin/gnu/h-x86_64-mingw32/bin/../lib/gcc/nios2-elf/5.3.0/../../../../../H-x86_64-mingw32/nios2-elf/lib\libc.a(lib_a-svfiprintf.o)
 .rodata.str1.4
                0x00000000000229a8       0x2f c:/intelfpga/17.1/nios2eds/bin/gnu/h-x86_64-mingw32/bin/../lib/gcc/nios2-elf/5.3.0/../../../../../H-x86_64-mingw32/nios2-elf/lib\libc.a(lib_a-vfiprintf.o)
 .rodata.zeroes.4349
                0x00000000000229a8       0x10 c:/intelfpga/17.1/nios2eds/bin/gnu/h-x86_64-mingw32/bin/../lib/gcc/nios2-elf/5.3.0/../../../../../H-x86_64-mingw32/nios2-elf/lib\libc.a(lib_a-vfiprintf.o)
 .rodata.blanks.4348
                0x00000000000229b8       0x10 c:/intelfpga/17.1/nios2eds/bin/gnu/h-x86_64-mingw32/bin/../lib/gcc/nios2-elf/5.3.0/../../../../../H-x86_64-mingw32/nios2-elf/lib\libc.a(lib_a-vfiprintf.o)
 .rodata        0x00000000000229c8      0x100 c:/intelfpga/17.1/nios2eds/bin/gnu/h-x86_64-mingw32/bin/../lib/gcc/nios2-elf/5.3.0\libgcc.a(_clz.o)
                0x00000000000229c8                __clz_tab
 .rodata        0x0000000000022ac8        0xa ../chromaKeyRTOS_bsp/\libucosii_bsp.a(alt_dev.o)
 *fill*         0x0000000000022ad2        0x2 
 .rodata        0x0000000000022ad4        0xf ../chromaKeyRTOS_bsp/\libucosii_bsp.a(alt_main.o)
 *fill*         0x0000000000022ae3        0x1 
 .rodata        0x0000000000022ae4      0x11e ../chromaKeyRTOS_bsp/\libucosii_bsp.a(os_core.o)
                0x0000000000022ae4                OSUnMapTbl
 *fill*         0x0000000000022c02        0x2 
 .rodata        0x0000000000022c04      0x159 ../chromaKeyRTOS_bsp/\libucosii_bsp.a(alt_sys_init.o)
 *fill*         0x0000000000022d5d        0x3 
 .rodata        0x0000000000022d60       0x1a ../chromaKeyRTOS_bsp/\libucosii_bsp.a(altera_up_avalon_video_character_buffer_with_dma.o)
 *fill*         0x0000000000022d7a        0x2 
 .rodata        0x0000000000022d7c        0x2 ../chromaKeyRTOS_bsp/\libucosii_bsp.a(os_cpu_c.o)
 *(.rodata1)
                0x0000000000022d80                . = ALIGN (0x4)
 *fill*         0x0000000000022d7e        0x2 
                0x0000000000022d80                PROVIDE (__ram_rodata_end, ABSOLUTE (.))
                0x00000000000223e4                PROVIDE (__flash_rodata_start, LOADADDR (.rodata))

.rwdata         0x0000000000022d80     0x1fa8 load address 0x0000000000024d28
                0x0000000000022d80                PROVIDE (__ram_rwdata_start, ABSOLUTE (.))
                0x0000000000022d80                . = ALIGN (0x4)
 *(.got.plt)
 *(.got)
 *(.data1)
 *(.data .data.* .gnu.linkonce.d.*)
 .data          0x0000000000022d80        0x0 ../chromaKeyRTOS_bsp//obj/HAL/src/crt0.o
 .data          0x0000000000022d80        0x0 obj/default/AppSw/Chs_Comm.o
 .data          0x0000000000022d80        0x0 obj/default/BaseSw/src/MTL.o
 .data          0x0000000000022d80        0x0 obj/default/BaseSw/src/alt_ucosii_simple_error_check.o
 .data          0x0000000000022d80        0x0 obj/default/BaseSw/src/app_config.o
 .data          0x0000000000022d80        0x0 obj/default/BaseSw/src/functions.o
 .data          0x0000000000022d80        0x0 obj/default/BaseSw/src/isr.o
 .data          0x0000000000022d80        0x0 obj/default/BaseSw/src/lcd.o
 .data          0x0000000000022d80        0x0 obj/default/BaseSw/src/ledg.o
 .data          0x0000000000022d80        0x0 obj/default/BaseSw/src/task_config.o
 .data          0x0000000000022d80        0x0 c:/intelfpga/17.1/nios2eds/bin/gnu/h-x86_64-mingw32/bin/../lib/gcc/nios2-elf/5.3.0/../../../../../H-x86_64-mingw32/nios2-elf/lib\libc.a(lib_a-exit.o)
 .data          0x0000000000022d80        0x0 c:/intelfpga/17.1/nios2eds/bin/gnu/h-x86_64-mingw32/bin/../lib/gcc/nios2-elf/5.3.0/../../../../../H-x86_64-mingw32/nios2-elf/lib\libc.a(lib_a-fclose.o)
 .data          0x0000000000022d80        0x0 c:/intelfpga/17.1/nios2eds/bin/gnu/h-x86_64-mingw32/bin/../lib/gcc/nios2-elf/5.3.0/../../../../../H-x86_64-mingw32/nios2-elf/lib\libc.a(lib_a-fflush.o)
 .data          0x0000000000022d80        0x0 c:/intelfpga/17.1/nios2eds/bin/gnu/h-x86_64-mingw32/bin/../lib/gcc/nios2-elf/5.3.0/../../../../../H-x86_64-mingw32/nios2-elf/lib\libc.a(lib_a-findfp.o)
 .data          0x0000000000022d80        0x0 c:/intelfpga/17.1/nios2eds/bin/gnu/h-x86_64-mingw32/bin/../lib/gcc/nios2-elf/5.3.0/../../../../../H-x86_64-mingw32/nios2-elf/lib\libc.a(lib_a-fopen.o)
 .data          0x0000000000022d80        0x0 c:/intelfpga/17.1/nios2eds/bin/gnu/h-x86_64-mingw32/bin/../lib/gcc/nios2-elf/5.3.0/../../../../../H-x86_64-mingw32/nios2-elf/lib\libc.a(lib_a-fprintf.o)
 .data          0x0000000000022d80        0x0 c:/intelfpga/17.1/nios2eds/bin/gnu/h-x86_64-mingw32/bin/../lib/gcc/nios2-elf/5.3.0/../../../../../H-x86_64-mingw32/nios2-elf/lib\libc.a(lib_a-freer.o)
 .data          0x0000000000022d80        0x0 c:/intelfpga/17.1/nios2eds/bin/gnu/h-x86_64-mingw32/bin/../lib/gcc/nios2-elf/5.3.0/../../../../../H-x86_64-mingw32/nios2-elf/lib\libc.a(lib_a-fseek.o)
 .data          0x0000000000022d80        0x0 c:/intelfpga/17.1/nios2eds/bin/gnu/h-x86_64-mingw32/bin/../lib/gcc/nios2-elf/5.3.0/../../../../../H-x86_64-mingw32/nios2-elf/lib\libc.a(lib_a-fseeko.o)
 .data          0x0000000000022d80        0x0 c:/intelfpga/17.1/nios2eds/bin/gnu/h-x86_64-mingw32/bin/../lib/gcc/nios2-elf/5.3.0/../../../../../H-x86_64-mingw32/nios2-elf/lib\libc.a(lib_a-fstatr.o)
 .data          0x0000000000022d80        0x0 c:/intelfpga/17.1/nios2eds/bin/gnu/h-x86_64-mingw32/bin/../lib/gcc/nios2-elf/5.3.0/../../../../../H-x86_64-mingw32/nios2-elf/lib\libc.a(lib_a-fwalk.o)
 .data          0x0000000000022d80        0x0 c:/intelfpga/17.1/nios2eds/bin/gnu/h-x86_64-mingw32/bin/../lib/gcc/nios2-elf/5.3.0/../../../../../H-x86_64-mingw32/nios2-elf/lib\libc.a(lib_a-fwrite.o)
 .data          0x0000000000022d80        0x0 c:/intelfpga/17.1/nios2eds/bin/gnu/h-x86_64-mingw32/bin/../lib/gcc/nios2-elf/5.3.0/../../../../../H-x86_64-mingw32/nios2-elf/lib\libc.a(lib_a-getc.o)
 .data          0x0000000000022d80        0x0 c:/intelfpga/17.1/nios2eds/bin/gnu/h-x86_64-mingw32/bin/../lib/gcc/nios2-elf/5.3.0/../../../../../H-x86_64-mingw32/nios2-elf/lib\libc.a(lib_a-impure.o)
 .data.impure_data
                0x0000000000022d80      0x424 c:/intelfpga/17.1/nios2eds/bin/gnu/h-x86_64-mingw32/bin/../lib/gcc/nios2-elf/5.3.0/../../../../../H-x86_64-mingw32/nios2-elf/lib\libc.a(lib_a-impure.o)
 .data          0x00000000000231a4        0x0 c:/intelfpga/17.1/nios2eds/bin/gnu/h-x86_64-mingw32/bin/../lib/gcc/nios2-elf/5.3.0/../../../../../H-x86_64-mingw32/nios2-elf/lib\libc.a(lib_a-int_errno.o)
 .data          0x00000000000231a4        0x0 c:/intelfpga/17.1/nios2eds/bin/gnu/h-x86_64-mingw32/bin/../lib/gcc/nios2-elf/5.3.0/../../../../../H-x86_64-mingw32/nios2-elf/lib\libc.a(lib_a-makebuf.o)
 .data          0x00000000000231a4        0x0 c:/intelfpga/17.1/nios2eds/bin/gnu/h-x86_64-mingw32/bin/../lib/gcc/nios2-elf/5.3.0/../../../../../H-x86_64-mingw32/nios2-elf/lib\libc.a(lib_a-mallocr.o)
 .data.__malloc_av_
                0x00000000000231a4      0x408 c:/intelfpga/17.1/nios2eds/bin/gnu/h-x86_64-mingw32/bin/../lib/gcc/nios2-elf/5.3.0/../../../../../H-x86_64-mingw32/nios2-elf/lib\libc.a(lib_a-mallocr.o)
                0x00000000000231a4                __malloc_av_
 .data          0x00000000000235ac        0x0 c:/intelfpga/17.1/nios2eds/bin/gnu/h-x86_64-mingw32/bin/../lib/gcc/nios2-elf/5.3.0/../../../../../H-x86_64-mingw32/nios2-elf/lib\libc.a(lib_a-memset.o)
 .data          0x00000000000235ac        0x0 c:/intelfpga/17.1/nios2eds/bin/gnu/h-x86_64-mingw32/bin/../lib/gcc/nios2-elf/5.3.0/../../../../../H-x86_64-mingw32/nios2-elf/lib\libc.a(lib_a-openr.o)
 .data          0x00000000000235ac        0x0 c:/intelfpga/17.1/nios2eds/bin/gnu/h-x86_64-mingw32/bin/../lib/gcc/nios2-elf/5.3.0/../../../../../H-x86_64-mingw32/nios2-elf/lib\libc.a(lib_a-puts.o)
 .data          0x00000000000235ac        0x0 c:/intelfpga/17.1/nios2eds/bin/gnu/h-x86_64-mingw32/bin/../lib/gcc/nios2-elf/5.3.0/../../../../../H-x86_64-mingw32/nios2-elf/lib\libc.a(lib_a-refill.o)
 .data          0x00000000000235ac        0x0 c:/intelfpga/17.1/nios2eds/bin/gnu/h-x86_64-mingw32/bin/../lib/gcc/nios2-elf/5.3.0/../../../../../H-x86_64-mingw32/nios2-elf/lib\libc.a(lib_a-rget.o)
 .data          0x00000000000235ac        0x0 c:/intelfpga/17.1/nios2eds/bin/gnu/h-x86_64-mingw32/bin/../lib/gcc/nios2-elf/5.3.0/../../../../../H-x86_64-mingw32/nios2-elf/lib\libc.a(lib_a-sbrkr.o)
 .data          0x00000000000235ac        0x0 c:/intelfpga/17.1/nios2eds/bin/gnu/h-x86_64-mingw32/bin/../lib/gcc/nios2-elf/5.3.0/../../../../../H-x86_64-mingw32/nios2-elf/lib\libc.a(lib_a-sprintf.o)
 .data          0x00000000000235ac        0x0 c:/intelfpga/17.1/nios2eds/bin/gnu/h-x86_64-mingw32/bin/../lib/gcc/nios2-elf/5.3.0/../../../../../H-x86_64-mingw32/nios2-elf/lib\libc.a(lib_a-stdio.o)